Archive member included because of file (symbol)

/usr/local/avr32/bin/../lib/gcc/avr32/4.4.7/../../../../avr32/lib/ucr3fp/libm.a(lib_a-s_isinfd.o)
                              lib/libutil/src/string.c.3.o (__isinfd)
/usr/local/avr32/bin/../lib/gcc/avr32/4.4.7/../../../../avr32/lib/ucr3fp/libm.a(lib_a-s_round.o)
                              lib/libthirdparty/src/af_wheel/astro_wde.c.2.o (round)
/usr/local/avr32/bin/../lib/gcc/avr32/4.4.7/../../../../avr32/lib/ucr3fp/libm.a(lib_a-sf_isinff.o)
                              lib/libutil/src/string.c.3.o (__isinff)
/usr/local/avr32/bin/../lib/gcc/avr32/4.4.7/../../../../avr32/lib/ucr3fp/libm.a(lib_a-w_pow.o)
                              lib/libthirdparty/src/htpa/htpa32x32d.c.2.o (pow)
/usr/local/avr32/bin/../lib/gcc/avr32/4.4.7/../../../../avr32/lib/ucr3fp/libm.a(lib_a-w_sqrt.o)
                              lib/liba3200/src/cmd/cmd_hmc5843.c.2.o (sqrt)
/usr/local/avr32/bin/../lib/gcc/avr32/4.4.7/../../../../avr32/lib/ucr3fp/libm.a(lib_a-wf_pow.o)
                              lib/liba3200/src/mpu3300.c.2.o (powf)
/usr/local/avr32/bin/../lib/gcc/avr32/4.4.7/../../../../avr32/lib/ucr3fp/libm.a(lib_a-e_pow.o)
                              /usr/local/avr32/bin/../lib/gcc/avr32/4.4.7/../../../../avr32/lib/ucr3fp/libm.a(lib_a-w_pow.o) (__ieee754_pow)
/usr/local/avr32/bin/../lib/gcc/avr32/4.4.7/../../../../avr32/lib/ucr3fp/libm.a(lib_a-e_sqrt.o)
                              /usr/local/avr32/bin/../lib/gcc/avr32/4.4.7/../../../../avr32/lib/ucr3fp/libm.a(lib_a-w_sqrt.o) (__ieee754_sqrt)
/usr/local/avr32/bin/../lib/gcc/avr32/4.4.7/../../../../avr32/lib/ucr3fp/libm.a(lib_a-ef_pow.o)
                              /usr/local/avr32/bin/../lib/gcc/avr32/4.4.7/../../../../avr32/lib/ucr3fp/libm.a(lib_a-wf_pow.o) (__ieee754_powf)
/usr/local/avr32/bin/../lib/gcc/avr32/4.4.7/../../../../avr32/lib/ucr3fp/libm.a(lib_a-ef_sqrt.o)
                              /usr/local/avr32/bin/../lib/gcc/avr32/4.4.7/../../../../avr32/lib/ucr3fp/libm.a(lib_a-ef_pow.o) (__ieee754_sqrtf)
/usr/local/avr32/bin/../lib/gcc/avr32/4.4.7/../../../../avr32/lib/ucr3fp/libm.a(lib_a-s_fabs.o)
                              /usr/local/avr32/bin/../lib/gcc/avr32/4.4.7/../../../../avr32/lib/ucr3fp/libm.a(lib_a-e_pow.o) (fabs)
/usr/local/avr32/bin/../lib/gcc/avr32/4.4.7/../../../../avr32/lib/ucr3fp/libm.a(lib_a-s_finite.o)
                              /usr/local/avr32/bin/../lib/gcc/avr32/4.4.7/../../../../avr32/lib/ucr3fp/libm.a(lib_a-w_pow.o) (finite)
/usr/local/avr32/bin/../lib/gcc/avr32/4.4.7/../../../../avr32/lib/ucr3fp/libm.a(lib_a-s_isnand.o)
                              /usr/local/avr32/bin/../lib/gcc/avr32/4.4.7/../../../../avr32/lib/ucr3fp/libm.a(lib_a-w_pow.o) (__isnand)
/usr/local/avr32/bin/../lib/gcc/avr32/4.4.7/../../../../avr32/lib/ucr3fp/libm.a(lib_a-s_lib_ver.o)
                              /usr/local/avr32/bin/../lib/gcc/avr32/4.4.7/../../../../avr32/lib/ucr3fp/libm.a(lib_a-w_pow.o) (__fdlib_version)
/usr/local/avr32/bin/../lib/gcc/avr32/4.4.7/../../../../avr32/lib/ucr3fp/libm.a(lib_a-s_matherr.o)
                              /usr/local/avr32/bin/../lib/gcc/avr32/4.4.7/../../../../avr32/lib/ucr3fp/libm.a(lib_a-w_pow.o) (matherr)
/usr/local/avr32/bin/../lib/gcc/avr32/4.4.7/../../../../avr32/lib/ucr3fp/libm.a(lib_a-s_nan.o)
                              /usr/local/avr32/bin/../lib/gcc/avr32/4.4.7/../../../../avr32/lib/ucr3fp/libm.a(lib_a-e_pow.o) (nan)
/usr/local/avr32/bin/../lib/gcc/avr32/4.4.7/../../../../avr32/lib/ucr3fp/libm.a(lib_a-s_rint.o)
                              /usr/local/avr32/bin/../lib/gcc/avr32/4.4.7/../../../../avr32/lib/ucr3fp/libm.a(lib_a-w_pow.o) (rint)
/usr/local/avr32/bin/../lib/gcc/avr32/4.4.7/../../../../avr32/lib/ucr3fp/libm.a(lib_a-s_scalbn.o)
                              /usr/local/avr32/bin/../lib/gcc/avr32/4.4.7/../../../../avr32/lib/ucr3fp/libm.a(lib_a-e_pow.o) (scalbn)
/usr/local/avr32/bin/../lib/gcc/avr32/4.4.7/../../../../avr32/lib/ucr3fp/libm.a(lib_a-sf_fabs.o)
                              /usr/local/avr32/bin/../lib/gcc/avr32/4.4.7/../../../../avr32/lib/ucr3fp/libm.a(lib_a-ef_pow.o) (fabsf)
/usr/local/avr32/bin/../lib/gcc/avr32/4.4.7/../../../../avr32/lib/ucr3fp/libm.a(lib_a-sf_finite.o)
                              /usr/local/avr32/bin/../lib/gcc/avr32/4.4.7/../../../../avr32/lib/ucr3fp/libm.a(lib_a-wf_pow.o) (finitef)
/usr/local/avr32/bin/../lib/gcc/avr32/4.4.7/../../../../avr32/lib/ucr3fp/libm.a(lib_a-sf_isnan.o)
                              /usr/local/avr32/bin/../lib/gcc/avr32/4.4.7/../../../../avr32/lib/ucr3fp/libm.a(lib_a-wf_pow.o) (isnanf)
/usr/local/avr32/bin/../lib/gcc/avr32/4.4.7/../../../../avr32/lib/ucr3fp/libm.a(lib_a-sf_nan.o)
                              /usr/local/avr32/bin/../lib/gcc/avr32/4.4.7/../../../../avr32/lib/ucr3fp/libm.a(lib_a-ef_pow.o) (nanf)
/usr/local/avr32/bin/../lib/gcc/avr32/4.4.7/../../../../avr32/lib/ucr3fp/libm.a(lib_a-sf_scalbn.o)
[...]
Memory Configuration

Name             Origin             Length             Attributes
FLASH            0x0000000080000000 0x0000000000080000 axrl !w
CPUSRAM          0x0000000000000004 0x000000000000fffc axw !rl
SDRAM            0x00000000d0000000 0x0000000002000000 axw !rl
*default*        0x0000000000000000 0xffffffffffffffff

Linker script and memory map

                0x0000000000001000                _stack_size = 0x1000
                0x0000000000000000                GS_FLASH_DATA_SIZE = 0x0
LOAD src/checkout/checkout_cmd.c.1.o
LOAD src/csp.c.1.o
LOAD src/led.c.1.o
LOAD src/main.c.1.o
LOAD lib/liba3200/src/adc_channels.c.2.o
LOAD lib/liba3200/src/cmd/cmd_adc.c.2.o
LOAD lib/liba3200/src/cmd/cmd_hmc5843.c.2.o
LOAD lib/liba3200/src/cmd/cmd_lm71.c.2.o
LOAD lib/liba3200/src/cmd/cmd_mpu3300.c.2.o
LOAD lib/liba3200/src/cmd/cmd_pwm.c.2.o
LOAD lib/liba3200/src/cmd/cmd_pwr_switch.c.2.o
LOAD lib/liba3200/src/hmc5843.c.2.o
LOAD lib/liba3200/src/init.c.2.o
LOAD lib/liba3200/src/led.c.2.o
LOAD lib/liba3200/src/lm71.c.2.o
LOAD lib/liba3200/src/mpu3300.c.2.o
LOAD lib/liba3200/src/pwm.c.2.o
LOAD lib/liba3200/src/pwr_switch.c.2.o
LOAD lib/libthirdparty/src/af_wheel/astro_wde.c.2.o
LOAD lib/libthirdparty/src/flash/cmd_spn_fl512s.c.2.o
LOAD lib/libthirdparty/src/flash/spn_fl512s.c.2.o
LOAD lib/libthirdparty/src/fram/cy15b102q.c.2.o
LOAD lib/libthirdparty/src/fram/cy15b102q_cmd.c.2.o
LOAD lib/libthirdparty/src/fram/fm33256b.c.2.o
LOAD lib/libthirdparty/src/fram/fm33256b_cmd.c.2.o
LOAD lib/libthirdparty/src/htpa/htpa32x32d.c.2.o
LOAD lib/libthirdparty/src/hyp_st200/hyp_st200.c.2.o
LOAD lib/libthirdparty/src/hyp_st200/hyp_st200_cmd.c.2.o
LOAD lib/libthirdparty/src/ina226/ina226.c.2.o
LOAD lib/libthirdparty/src/isis_ants/deploy_isis_ants.c.2.o
LOAD lib/libthirdparty/src/isis_ants/isis_ants.c.2.o
LOAD lib/libthirdparty/src/isis_ants/isis_ants_driver.c.2.o
LOAD lib/libthirdparty/src/lm71/lm71.c.2.o
LOAD lib/libthirdparty/src/novatel_gnss/novatel_gnss.c.2.o
LOAD lib/libthirdparty/src/rm3100/rm3100.c.2.o
LOAD lib/libthirdparty/src/rm3100/rm3100_cmds/cmd_rm3100.c.2.o
LOAD lib/libthirdparty/src/tmp100/tmp100.c.2.o
LOAD lib/libthirdparty/src/tps382x/tps382x.c.2.o
LOAD lib/libgscsp/src/clock.c.2.o
LOAD lib/libgscsp/src/commands.c.2.o
LOAD lib/libgscsp/src/conn.c.2.o
LOAD lib/libgscsp/src/csp.c.2.o
LOAD lib/libgscsp/src/drivers/can/can.c.2.o
LOAD lib/libgscsp/src/drivers/i2c/i2c.c.2.o
LOAD lib/libgscsp/src/drivers/kiss/kiss.c.2.o
LOAD lib/libgscsp/src/error.c.2.o
LOAD lib/libgscsp/src/freertos/cpu.c.2.o
LOAD lib/libgscsp/src/log.c.2.o
LOAD lib/libgscsp/src/router.c.2.o
LOAD lib/libgscsp/src/rtable.c.2.o
LOAD lib/libgscsp/src/service_dispatcher.c.2.o
LOAD lib/libgscsp/src/service_handler.c.2.o
LOAD lib/libgscsp/src/transaction.c.2.o
LOAD lib/libembed/src/asf/avr32/delay.c.2.o
LOAD lib/libembed/src/asf/avr32/drivers/can/can.c.2.o
LOAD lib/libembed/src/asf/avr32/drivers/flash/mcu_flash.c.2.o
LOAD lib/libembed/src/asf/avr32/drivers/gpio/gpio.c.2.o
LOAD lib/libembed/src/asf/avr32/drivers/i2c/i2c.c.2.o
LOAD lib/libembed/src/asf/avr32/drivers/spi/master.c.2.o
LOAD lib/libembed/src/asf/avr32/drivers/sys/avr32_reset_all_interrupt_settings.c.2.o
LOAD lib/libembed/src/asf/avr32/drivers/sys/clk.c.2.o
LOAD lib/libembed/src/asf/avr32/drivers/sys/memory.c.2.o
LOAD lib/libembed/src/asf/avr32/drivers/sys/reset.c.2.o
LOAD lib/libembed/src/asf/avr32/drivers/uart/uart.c.2.o
LOAD lib/libembed/src/asf/avr32/exception_handler.c.2.o
LOAD lib/libembed/src/clock.c.2.o
LOAD lib/libembed/src/cmd/cmd.c.2.o
LOAD lib/libembed/src/cmd/driver_cmd.c.2.o
LOAD lib/libembed/src/cmd/test/errno.c.2.o
LOAD lib/libembed/src/cmd/test/test_commands.c.2.o
LOAD lib/libembed/src/cwd.c.2.o
LOAD lib/libembed/src/drivers/flash/mcu_flash.c.2.o
LOAD lib/libembed/src/drivers/sys/memory.c.2.o
LOAD lib/libembed/src/drivers/sys/reset.c.2.o
LOAD lib/libembed/src/drivers/uart/uart.c.2.o
LOAD lib/libembed/src/mutex.c.2.o
LOAD lib/libembed/src/newlib/lock/lock.c.2.o
LOAD lib/libembed/src/newlib/syscalls/close.c.2.o
LOAD lib/libembed/src/newlib/syscalls/env.c.2.o
LOAD lib/libembed/src/newlib/syscalls/execve.c.2.o
LOAD lib/libembed/src/newlib/syscalls/exit.c.2.o
LOAD lib/libembed/src/newlib/syscalls/fcntl.c.2.o
LOAD lib/libembed/src/newlib/syscalls/fork.c.2.o
LOAD lib/libembed/src/newlib/syscalls/fstat.c.2.o
LOAD lib/libembed/src/newlib/syscalls/getpid.c.2.o
LOAD lib/libembed/src/newlib/syscalls/gettimeofday.c.2.o
LOAD lib/libembed/src/newlib/syscalls/isatty.c.2.o
LOAD lib/libembed/src/newlib/syscalls/kill.c.2.o
LOAD lib/libembed/src/newlib/syscalls/link.c.2.o
LOAD lib/libembed/src/newlib/syscalls/lseek.c.2.o
LOAD lib/libembed/src/newlib/syscalls/mkdir.c.2.o
LOAD lib/libembed/src/newlib/syscalls/open.c.2.o
LOAD lib/libembed/src/newlib/syscalls/read.c.2.o
LOAD lib/libembed/src/newlib/syscalls/rename.c.2.o
LOAD lib/libembed/src/newlib/syscalls/sbrk.c.2.o
LOAD lib/libembed/src/newlib/syscalls/stat.c.2.o
LOAD lib/libembed/src/newlib/syscalls/times.c.2.o
LOAD lib/libembed/src/newlib/syscalls/unlink.c.2.o
LOAD lib/libembed/src/newlib/syscalls/wait.c.2.o
LOAD lib/libembed/src/newlib/syscalls/write.c.2.o
LOAD lib/libembed/src/queue.c.2.o
LOAD lib/libembed/src/sem.c.2.o
LOAD lib/libembed/src/stdio.c.2.o
LOAD lib/libembed/src/thread.c.2.o
LOAD lib/libembed/src/time.c.2.o
LOAD lib/libasf/gomspace/src/avr32/freertos/exception.S.4.o
LOAD lib/libasf/gomspace/src/avr32/freertos/idle.c.4.o
LOAD lib/libasf/gomspace/src/avr32/freertos/port.c.4.o
LOAD lib/libasf/gomspace/src/avr32/freertos/stackcheck.c.4.o
LOAD lib/libasf/gomspace/src/avr32/freertos/timer.c.4.o
LOAD lib/libasf/avr32/drivers/adcifa/adcifa.c.3.o
LOAD lib/libasf/avr32/drivers/ast/ast.c.3.o
LOAD lib/libasf/avr32/drivers/canif/canif.c.3.o
LOAD lib/libasf/avr32/drivers/ebi/sdramc/sdramc.c.3.o
LOAD lib/libasf/avr32/drivers/flashc/flashc.c.3.o
LOAD lib/libasf/avr32/drivers/gpio/gpio.c.3.o
LOAD lib/libasf/avr32/drivers/intc/intc.c.3.o
LOAD lib/libasf/avr32/drivers/pdca/pdca.c.3.o
LOAD lib/libasf/avr32/drivers/pm/pm_uc3c.c.3.o
LOAD lib/libasf/avr32/drivers/pm/power_clocks_lib.c.3.o
LOAD lib/libasf/avr32/drivers/pwm/pwm4.c.3.o
LOAD lib/libasf/avr32/drivers/scif/scif_uc3c.c.3.o
LOAD lib/libasf/avr32/drivers/spi/spi.c.3.o
LOAD lib/libasf/avr32/drivers/tc/tc.c.3.o
LOAD lib/libasf/avr32/drivers/twim/twim.c.3.o
LOAD lib/libasf/avr32/drivers/usart/usart.c.3.o
LOAD lib/libasf/avr32/drivers/wdt/wdt4.c.3.o
LOAD lib/libasf/avr32/utils/startup/startup_uc3.S.3.o
LOAD lib/libasf/common/services/clock/uc3c/osc.c.3.o
LOAD lib/libasf/common/services/clock/uc3c/pll.c.3.o
LOAD lib/libasf/common/services/clock/uc3c/sysclk.c.3.o
LOAD lib/libasf/common/services/spi/uc3_spi/spi_master.c.3.o
LOAD lib/libasf/thirdparty/freertos/freertos-10.2.0/Source/list.c.3.o
LOAD lib/libasf/thirdparty/freertos/freertos-10.2.0/Source/portable/MemMang/heap_3.c.3.o
LOAD lib/libasf/thirdparty/freertos/freertos-10.2.0/Source/queue.c.3.o
LOAD lib/libasf/thirdparty/freertos/freertos-10.2.0/Source/tasks.c.3.o
LOAD lib/libasf/thirdparty/freertos/freertos-10.2.0/Source/timers.c.3.o
LOAD lib/libutil/src/base16.c.3.o
LOAD lib/libutil/src/bytebuffer.c.3.o
LOAD lib/libutil/src/byteorder.c.3.o
LOAD lib/libutil/src/clock.c.3.o
LOAD lib/libutil/src/cmd/command.c.3.o
LOAD lib/libutil/src/cmd/log.c.3.o
LOAD lib/libutil/src/cmd/vmem.c.3.o
LOAD lib/libutil/src/crc32.c.3.o
LOAD lib/libutil/src/crc8.c.3.o
LOAD lib/libutil/src/drivers/can/can.c.3.o
LOAD lib/libutil/src/drivers/i2c/i2c.c.3.o
LOAD lib/libutil/src/drivers/spi/spi.c.3.o
LOAD lib/libutil/src/drivers/sys/memory.c.3.o
LOAD lib/libutil/src/error.c.3.o
LOAD lib/libutil/src/fletcher.c.3.o
LOAD lib/libutil/src/function_scheduler.c.3.o
LOAD lib/libutil/src/gosh/command.c.3.o
LOAD lib/libutil/src/gosh/console.c.3.o
LOAD lib/libutil/src/gosh/default_commands.c.3.o
LOAD lib/libutil/src/gosh/getopt.c.3.o
LOAD lib/libutil/src/hexdump.c.3.o
LOAD lib/libutil/src/lock.c.3.o
LOAD lib/libutil/src/log/appender/console.c.3.o
LOAD lib/libutil/src/log/appender/simple_file.c.3.o
LOAD lib/libutil/src/log/commands.c.3.o
LOAD lib/libutil/src/log/log.c.3.o
LOAD lib/libutil/src/rtc.c.3.o
LOAD lib/libutil/src/stdio.c.3.o
LOAD lib/libutil/src/string.c.3.o
LOAD lib/libutil/src/strtoint.c.3.o
LOAD lib/libutil/src/time.c.3.o
LOAD lib/libutil/src/timestamp.c.3.o
LOAD lib/libutil/src/vmem/commands.c.3.o
LOAD lib/libutil/src/vmem/vmem.c.3.o
LOAD lib/libutil/src/vmem_test/vmem_test.c.3.o
LOAD lib/libutil/src/watchdog/monitor_task.c.3.o
LOAD lib/libutil/src/watchdog/watchdog.c.3.o
LOAD lib/libutil/src/zip/miniz/miniz.c.3.o
LOAD lib/libutil/src/zip/zip.c.3.o
LOAD lib/libgscsp/lib/libcsp/src/arch/freertos/csp_malloc.c.2.o
LOAD lib/libgscsp/lib/libcsp/src/arch/freertos/csp_queue.c.2.o
LOAD lib/libgscsp/lib/libcsp/src/arch/freertos/csp_semaphore.c.2.o
LOAD lib/libgscsp/lib/libcsp/src/arch/freertos/csp_system.c.2.o
LOAD lib/libgscsp/lib/libcsp/src/arch/freertos/csp_thread.c.2.o
LOAD lib/libgscsp/lib/libcsp/src/arch/freertos/csp_time.c.2.o
LOAD lib/libgscsp/lib/libcsp/src/csp_bridge.c.2.o
LOAD lib/libgscsp/lib/libcsp/src/csp_buffer.c.2.o
LOAD lib/libgscsp/lib/libcsp/src/csp_conn.c.2.o
LOAD lib/libgscsp/lib/libcsp/src/csp_crc32.c.2.o
LOAD lib/libgscsp/lib/libcsp/src/csp_debug.c.2.o
LOAD lib/libgscsp/lib/libcsp/src/csp_endian.c.2.o
LOAD lib/libgscsp/lib/libcsp/src/csp_hex_dump.c.2.o
LOAD lib/libgscsp/lib/libcsp/src/csp_iflist.c.2.o
LOAD lib/libgscsp/lib/libcsp/src/csp_io.c.2.o
LOAD lib/libgscsp/lib/libcsp/src/csp_port.c.2.o
LOAD lib/libgscsp/lib/libcsp/src/csp_promisc.c.2.o
LOAD lib/libgscsp/lib/libcsp/src/csp_qfifo.c.2.o
LOAD lib/libgscsp/lib/libcsp/src/csp_route.c.2.o
LOAD lib/libgscsp/lib/libcsp/src/csp_service_handler.c.2.o
LOAD lib/libgscsp/lib/libcsp/src/csp_services.c.2.o
LOAD lib/libgscsp/lib/libcsp/src/csp_sfp.c.2.o
LOAD lib/libgscsp/lib/libcsp/src/interfaces/csp_if_can.c.2.o
LOAD lib/libgscsp/lib/libcsp/src/interfaces/csp_if_can_pbuf.c.2.o
LOAD lib/libgscsp/lib/libcsp/src/interfaces/csp_if_i2c.c.2.o
LOAD lib/libgscsp/lib/libcsp/src/interfaces/csp_if_kiss.c.2.o
LOAD lib/libgscsp/lib/libcsp/src/interfaces/csp_if_lo.c.2.o
LOAD lib/libgscsp/lib/libcsp/src/rtable/csp_rtable_cidr.c.2.o
LOAD lib/libgscsp/lib/libcsp/src/transport/csp_rdp.c.2.o
LOAD lib/libgscsp/lib/libcsp/src/transport/csp_udp.c.2.o
LOAD /usr/local/avr32/bin/../lib/gcc/avr32/4.4.7/../../../../avr32/lib/ucr3fp/libm.a
LOAD /usr/local/avr32/bin/../lib/gcc/avr32/4.4.7/ucr3fp/libstdc++.a
LOAD /usr/local/avr32/bin/../lib/gcc/avr32/4.4.7/ucr3fp/libgcc.a
LOAD /usr/local/avr32/bin/../lib/gcc/avr32/4.4.7/../../../../avr32/lib/ucr3fp/libc.a
LOAD /usr/local/avr32/bin/../lib/gcc/avr32/4.4.7/ucr3fp/libgcc.a
                0x0000000000000000                _FLASH_DATA_SIZE = DEFINED (GS_FLASH_DATA_SIZE)?GS_FLASH_DATA_SIZE:0x0

.text           0x0000000080000000    0x2db68
 *(.reset)
 .reset         0x0000000080000000        0x8 lib/libasf/avr32/utils/startup/startup_uc3.S.3.o
                0x0000000080000000                _start
 *(.rela.got)
 .rela.got      0x0000000080000008        0x0 src/checkout/checkout_cmd.c.1.o
 *(.init)
 *(.text)
 .text          0x0000000080000008       0xfc src/checkout/checkout_cmd.c.1.o
 .text          0x0000000080000104       0x44 src/csp.c.1.o
 .text          0x0000000080000148       0x50 src/main.c.1.o
 .text          0x0000000080000198       0x24 lib/liba3200/src/cmd/cmd_adc.c.2.o
 .text          0x00000000800001bc      0x1a8 lib/liba3200/src/cmd/cmd_hmc5843.c.2.o
 .text          0x0000000080000364      0x168 lib/liba3200/src/cmd/cmd_mpu3300.c.2.o
 .text          0x00000000800004cc       0x48 lib/liba3200/src/cmd/cmd_pwm.c.2.o
 .text          0x0000000080000514       0x90 lib/liba3200/src/cmd/cmd_pwr_switch.c.2.o
 .text          0x00000000800005a4       0x20 lib/liba3200/src/hmc5843.c.2.o
 .text          0x00000000800005c4       0xd0 lib/liba3200/src/init.c.2.o
 .text          0x0000000080000694       0x30 lib/liba3200/src/pwm.c.2.o
 .text          0x00000000800006c4       0xd8 lib/libthirdparty/src/flash/cmd_spn_fl512s.c.2.o
 .text          0x000000008000079c       0x10 lib/libthirdparty/src/flash/spn_fl512s.c.2.o
 .text          0x00000000800007ac       0x1c lib/libthirdparty/src/fram/fm33256b.c.2.o
                0x00000000800007ac                gs_fm33256b_rtc_driver
                0x00000000800007b4                gs_fm33256b_vmem_driver
 .text          0x00000000800007c8      0x120 lib/libthirdparty/src/fram/fm33256b_cmd.c.2.o
 .text          0x00000000800008e8        0x4 lib/libthirdparty/src/lm71/lm71.c.2.o
 .text          0x00000000800008ec      0x144 lib/libgscsp/src/commands.c.2.o
 .text          0x0000000080000a30       0x28 lib/libgscsp/src/csp.c.2.o
 .text          0x0000000080000a58       0x14 lib/libgscsp/src/drivers/can/can.c.2.o
 .text          0x0000000080000a6c        0x4 lib/libgscsp/src/drivers/kiss/kiss.c.2.o
 .text          0x0000000080000a70       0x18 lib/libgscsp/src/log.c.2.o
 .text          0x0000000080000a88       0x14 lib/libgscsp/src/rtable.c.2.o
 .text          0x0000000080000a9c       0x4c lib/libembed/src/asf/avr32/drivers/can/can.c.2.o
 .text          0x0000000080000ae8       0x2c lib/libembed/src/asf/avr32/drivers/i2c/i2c.c.2.o
 .text          0x0000000080000b14       0x10 lib/libembed/src/asf/avr32/drivers/uart/uart.c.2.o
 .text          0x0000000080000b24       0x20 lib/libembed/src/asf/avr32/exception_handler.c.2.o
 .text          0x0000000080000b44       0x60 lib/libembed/src/cmd/cmd.c.2.o
 .text          0x0000000080000ba4       0x44 lib/libembed/src/drivers/sys/reset.c.2.o
 .text          0x0000000080000be8       0x54 lib/libembed/src/thread.c.2.o
 .text          0x0000000080000c3c      0x138 lib/libasf/avr32/drivers/ebi/sdramc/sdramc.c.3.o
 .text          0x0000000080000d74       0x20 lib/libasf/avr32/drivers/gpio/gpio.c.3.o
 .text          0x0000000080000d94      0x190 lib/libasf/avr32/drivers/intc/intc.c.3.o
 .text          0x0000000080000f24      0x1b8 lib/libasf/thirdparty/freertos/freertos-10.2.0/Source/queue.c.3.o
 .text          0x00000000800010dc      0x20c lib/libasf/thirdparty/freertos/freertos-10.2.0/Source/tasks.c.3.o
 .text          0x00000000800012e8      0x168 lib/libutil/src/cmd/log.c.3.o
 .text          0x0000000080001450       0xd8 lib/libutil/src/cmd/vmem.c.3.o
 .text          0x0000000080001528      0x400 lib/libutil/src/crc32.c.3.o
 .text          0x0000000080001928       0x14 lib/libutil/src/gosh/command.c.3.o
 .text          0x000000008000193c       0x34 lib/libutil/src/gosh/console.c.3.o
 .text          0x0000000080001970       0x1c lib/libutil/src/log/appender/console.c.3.o
 .text          0x000000008000198c       0x80 lib/libutil/src/log/commands.c.3.o
 .text          0x0000000080001a0c       0x1c lib/libutil/src/log/log.c.3.o
 .text          0x0000000080001a28        0xc lib/libutil/src/vmem/vmem.c.3.o
 .text          0x0000000080001a34       0x20 lib/libgscsp/lib/libcsp/src/arch/freertos/csp_system.c.2.o
 .text          0x0000000080001a54      0x400 lib/libgscsp/lib/libcsp/src/csp_crc32.c.2.o
 .text          0x0000000080001e54       0x1c lib/libgscsp/lib/libcsp/src/csp_service_handler.c.2.o
 .text          0x0000000080001e70      0x1d4 /usr/local/avr32/bin/../lib/gcc/avr32/4.4.7/ucr3fp/libgcc.a(_avr32_f64_mul.o)
                0x0000000080001e70                __avr32_f64_mul
 .text          0x0000000080002044      0x2b0 /usr/local/avr32/bin/../lib/gcc/avr32/4.4.7/ucr3fp/libgcc.a(_avr32_f64_addsub.o)
                0x0000000080002048                __avr32_f64_sub
                0x00000000800021e4                __avr32_f64_add
 .text          0x00000000800022f4       0x2a /usr/local/avr32/bin/../lib/gcc/avr32/4.4.7/ucr3fp/libgcc.a(_avr32_f64_to_s32.o)
                0x00000000800022f4                __avr32_f64_to_u32
                0x00000000800022f8                __avr32_f64_to_s32
 .text          0x000000008000231e       0xe8 /usr/local/avr32/bin/../lib/gcc/avr32/4.4.7/ucr3fp/libgcc.a(_avr32_s32_to_f64.o)
                0x000000008000231e                __avr32_u32_to_f64
                0x0000000080002326                __avr32_s32_to_f64
 .text          0x0000000080002406       0x26 /usr/local/avr32/bin/../lib/gcc/avr32/4.4.7/ucr3fp/libgcc.a(_avr32_f64_cmp_eq.o)
                0x0000000080002406                __avr32_f64_cmp_eq
 .text          0x000000008000242c       0x68 /usr/local/avr32/bin/../lib/gcc/avr32/4.4.7/ucr3fp/libgcc.a(_avr32_f64_cmp_ge.o)
                0x000000008000242c                __avr32_f64_cmp_ge
 .text          0x0000000080002494       0x68 /usr/local/avr32/bin/../lib/gcc/avr32/4.4.7/ucr3fp/libgcc.a(_avr32_f64_cmp_lt.o)
                0x0000000080002494                __avr32_f64_cmp_lt
 .text          0x00000000800024fc       0x18 /usr/local/avr32/bin/../lib/gcc/avr32/4.4.7/ucr3fp/libgcc.a(_avr32_f32_cmp_eq.o)
                0x00000000800024fc                __avr32_f32_cmp_eq
 .text          0x0000000080002514       0x34 /usr/local/avr32/bin/../lib/gcc/avr32/4.4.7/ucr3fp/libgcc.a(_avr32_f32_cmp_ge.o)
                0x0000000080002514                __avr32_f32_cmp_ge
 .text          0x0000000080002548       0x34 /usr/local/avr32/bin/../lib/gcc/avr32/4.4.7/ucr3fp/libgcc.a(_avr32_f32_cmp_lt.o)
                0x0000000080002548                __avr32_f32_cmp_lt
 .text          0x000000008000257c      0x318 /usr/local/avr32/bin/../lib/gcc/avr32/4.4.7/ucr3fp/libgcc.a(_avr32_f64_div.o)
                0x000000008000257c                __avr32_f64_div
 .text          0x0000000080002894      0x160 /usr/local/avr32/bin/../lib/gcc/avr32/4.4.7/ucr3fp/libgcc.a(_avr32_f32_div.o)
                0x0000000080002894                __avr32_f32_div
 .text          0x00000000800029f4      0x180 /usr/local/avr32/bin/../lib/gcc/avr32/4.4.7/ucr3fp/libgcc.a(_avr32_f32_addsub.o)
                0x00000000800029f8                __avr32_f32_sub
                0x0000000080002ac8                __avr32_f32_add
 .text          0x0000000080002b74       0xe2 /usr/local/avr32/bin/../lib/gcc/avr32/4.4.7/ucr3fp/libgcc.a(_avr32_f32_mul.o)
                0x0000000080002b74                __avr32_f32_mul
 .text          0x0000000080002c56       0x74 /usr/local/avr32/bin/../lib/gcc/avr32/4.4.7/ucr3fp/libgcc.a(_avr32_s32_to_f32.o)
                0x0000000080002c56                __avr32_s32_to_f32
 .text          0x0000000080002cca       0x60 /usr/local/avr32/bin/../lib/gcc/avr32/4.4.7/ucr3fp/libgcc.a(_avr32_f32_to_f64.o)
                0x0000000080002cca                __avr32_f32_to_f64
 .text          0x0000000080002d2a       0x8a /usr/local/avr32/bin/../lib/gcc/avr32/4.4.7/ucr3fp/libgcc.a(_avr32_f64_to_f32.o)
                0x0000000080002d2a                __avr32_f64_to_f32
 .text          0x0000000080002db4       0x2c /usr/local/avr32/bin/../lib/gcc/avr32/4.4.7/ucr3fp/libgcc.a(_ashldi3.o)
                0x0000000080002db4                __ashldi3
                0x0000000080002db4                __avr32_lsl64
 .text          0x0000000080002de0       0x44 /usr/local/avr32/bin/../lib/gcc/avr32/4.4.7/ucr3fp/libgcc.a(_floatdidf.o)
                0x0000000080002de0                __floatdidf
                0x0000000080002de0                __avr32_s64_to_f64
 .text          0x0000000080002e24       0x8c /usr/local/avr32/bin/../lib/gcc/avr32/4.4.7/ucr3fp/libgcc.a(_floatundisf.o)
                0x0000000080002e24                __floatundisf
 .text          0x0000000080002eb0       0x40 /usr/local/avr32/bin/../lib/gcc/avr32/4.4.7/ucr3fp/libgcc.a(_floatundidf.o)
                0x0000000080002eb0                __floatundidf
 .text          0x0000000080002ef0      0x292 /usr/local/avr32/bin/../lib/gcc/avr32/4.4.7/ucr3fp/libgcc.a(_udivdi3.o)
                0x0000000080002ef0                __udivdi3
                0x0000000080002ef0                __avr32_udiv64
 .text          0x0000000080003182      0x272 /usr/local/avr32/bin/../lib/gcc/avr32/4.4.7/ucr3fp/libgcc.a(_umoddi3.o)
                0x0000000080003182                __umoddi3
                0x0000000080003182                __avr32_umod64
 .text          0x00000000800033f4      0x148 /usr/local/avr32/bin/../lib/gcc/avr32/4.4.7/../../../../avr32/lib/ucr3fp/libc.a(lib_a-memcpy.o)
                0x00000000800033f4                memcpy
 .text          0x000000008000353c       0xa8 /usr/local/avr32/bin/../lib/gcc/avr32/4.4.7/../../../../avr32/lib/ucr3fp/libc.a(lib_a-strcmp.o)
                0x000000008000353c                strcmp
 .text          0x00000000800035e4       0x20 /usr/local/avr32/bin/../lib/gcc/avr32/4.4.7/../../../../avr32/lib/ucr3fp/libc.a(lib_a-strncpy.o)
                0x00000000800035e4                strncpy
 *(.text.*)
 .text.gs_checkout_register_commands
                0x0000000080003604       0x14 src/checkout/checkout_cmd.c.1.o
                0x0000000080003604                gs_checkout_register_commands
 .text.gs_checkout_gssb_i2c
                0x0000000080003618       0x64 src/checkout/checkout_cmd.c.1.o
                0x0000000080003618                gs_checkout_gssb_i2c
 .text.gs_checkout_cmd_flash_handler
                0x000000008000367c      0x3ec src/checkout/checkout_cmd.c.1.o
                0x000000008000367c                gs_checkout_cmd_flash_handler
 .text.gs_checkout_cmd_temperature_handler
                0x0000000080003a68       0x90 src/checkout/checkout_cmd.c.1.o
                0x0000000080003a68                gs_checkout_cmd_temperature_handler
 .text.gs_checkout_cmd_hmc5843_handler
                0x0000000080003af8       0x38 src/checkout/checkout_cmd.c.1.o
                0x0000000080003af8                gs_checkout_cmd_hmc5843_handler
 .text.gs_checkout_cmd_gyro_handler
                0x0000000080003b30       0x30 src/checkout/checkout_cmd.c.1.o
                0x0000000080003b30                gs_checkout_cmd_gyro_handler
 .text.gs_checkout_cmd_test_vmem_partition
                0x0000000080003b60      0x190 src/checkout/checkout_cmd.c.1.o
                0x0000000080003b60                gs_checkout_cmd_test_vmem_partition
 .text.gs_checkout_cmd_memory_handler
                0x0000000080003cf0       0x10 src/checkout/checkout_cmd.c.1.o
                0x0000000080003cf0                gs_checkout_cmd_memory_handler
 .text.gs_checkout_cmd_memory_all_handler
                0x0000000080003d00       0x40 src/checkout/checkout_cmd.c.1.o
                0x0000000080003d00                gs_checkout_cmd_memory_all_handler
 .text.gs_checkout_cmd_auto_handler
                0x0000000080003d40       0xac src/checkout/checkout_cmd.c.1.o
                0x0000000080003d40                gs_checkout_cmd_auto_handler
 .text.configure_csp
                0x0000000080003dec       0xec src/csp.c.1.o
                0x0000000080003dec                configure_csp
 .text.led_init
                0x0000000080003ed8       0x38 src/led.c.1.o
                0x0000000080003ed8                led_init
 .text.task_led
                0x0000000080003f10       0x40 src/led.c.1.o
 .text.gs_a3200_get_default_stack_size
                0x0000000080003f50        0x6 src/main.c.1.o
                0x0000000080003f50                gs_a3200_get_default_stack_size
 *fill*         0x0000000080003f56        0x2 
 .text.main     0x0000000080003f58       0x1c src/main.c.1.o
                0x0000000080003f58                main
 .text.hook_init_complete
                0x0000000080003f74      0x174 src/main.c.1.o
 .text.gs_a3200_adc_channels_sample
                0x00000000800040e8       0xfc lib/liba3200/src/adc_channels.c.2.o
                0x00000000800040e8                gs_a3200_adc_channels_sample
 .text.T.62     0x00000000800041e4        0xa lib/liba3200/src/adc_channels.c.2.o
 *fill*         0x00000000800041ee        0x2 
 .text.gs_a3200_adc_channels_init
                0x00000000800041f0      0x1b0 lib/liba3200/src/adc_channels.c.2.o
                0x00000000800041f0                gs_a3200_adc_channels_init
 .text.gs_a3200_adc_register_commands
                0x00000000800043a0       0x14 lib/liba3200/src/cmd/cmd_adc.c.2.o
                0x00000000800043a0                gs_a3200_adc_register_commands
 .text.adc_read
                0x00000000800043b4       0x40 lib/liba3200/src/cmd/cmd_adc.c.2.o
 .text.gs_hmc5843_register_commands
                0x00000000800043f4       0x14 lib/liba3200/src/cmd/cmd_hmc5843.c.2.o
                0x00000000800043f4                gs_hmc5843_register_commands
 .text.cmd_hmc5843_selftest
                0x0000000080004408       0x1c lib/liba3200/src/cmd/cmd_hmc5843.c.2.o
 .text.cmd_hmc5843_setrate
                0x0000000080004424       0x54 lib/liba3200/src/cmd/cmd_hmc5843.c.2.o
 .text.cmd_hmc5843_setgain
                0x0000000080004478       0x54 lib/liba3200/src/cmd/cmd_hmc5843.c.2.o
 .text.hmc5843_get_info
                0x00000000800044cc      0x174 lib/liba3200/src/cmd/cmd_hmc5843.c.2.o
 .text.hmc5843_loop_raw
                0x0000000080004640       0xb4 lib/liba3200/src/cmd/cmd_hmc5843.c.2.o
 .text.hmc5843_loop_noformat
                0x00000000800046f4       0xb8 lib/liba3200/src/cmd/cmd_hmc5843.c.2.o
 .text.cmd_hmc5843_init
                0x00000000800047ac        0xc lib/liba3200/src/cmd/cmd_hmc5843.c.2.o
 .text.hmc5843_loop
                0x00000000800047b8       0xc4 lib/liba3200/src/cmd/cmd_hmc5843.c.2.o
 .text.hmc5843_test_single
                0x000000008000487c       0x90 lib/liba3200/src/cmd/cmd_hmc5843.c.2.o
 .text.hmc5843_test_bias
                0x000000008000490c       0xd8 lib/liba3200/src/cmd/cmd_hmc5843.c.2.o
 .text.gs_a3200_lm71_register_commands
                0x00000000800049e4       0x14 lib/liba3200/src/cmd/cmd_lm71.c.2.o
                0x00000000800049e4                gs_a3200_lm71_register_commands
 .text.cmd_lm71
                0x00000000800049f8       0x6c lib/liba3200/src/cmd/cmd_lm71.c.2.o
 .text.gs_mpu3300_register_commands
                0x0000000080004a64       0x14 lib/liba3200/src/cmd/cmd_mpu3300.c.2.o
                0x0000000080004a64                gs_mpu3300_register_commands
 .text.cmd_mpu3300_selftest
                0x0000000080004a78        0xc lib/liba3200/src/cmd/cmd_mpu3300.c.2.o
 .text.cmd_mpu3300_init
                0x0000000080004a84       0x50 lib/liba3200/src/cmd/cmd_mpu3300.c.2.o
 .text.cmd_mpu3300_sleep
                0x0000000080004ad4       0x28 lib/liba3200/src/cmd/cmd_mpu3300.c.2.o
 .text.cmd_mpu3300_reset
                0x0000000080004afc        0xc lib/liba3200/src/cmd/cmd_mpu3300.c.2.o
 .text.cmd_mpu3300_read_temp
                0x0000000080004b08       0x34 lib/liba3200/src/cmd/cmd_mpu3300.c.2.o
 .text.cmd_mpu3300_read
                0x0000000080004b3c       0x44 lib/liba3200/src/cmd/cmd_mpu3300.c.2.o
 .text.mpu3300_readout_bias
                0x0000000080004b80       0xd0 lib/liba3200/src/cmd/cmd_mpu3300.c.2.o
 .text.cmd_mpu3300_log
                0x0000000080004c50      0x104 lib/liba3200/src/cmd/cmd_mpu3300.c.2.o
 .text.cmd_mpu3300_read_loop
                0x0000000080004d54      0x1c0 lib/liba3200/src/cmd/cmd_mpu3300.c.2.o
 .text.cmd_mpu3300_calib
                0x0000000080004f14       0x60 lib/liba3200/src/cmd/cmd_mpu3300.c.2.o
 .text.cmd_mpu3300_read_raw
                0x0000000080004f74       0x4c lib/liba3200/src/cmd/cmd_mpu3300.c.2.o
 .text.gs_a3200_pwm_register_commands
                0x0000000080004fc0       0x14 lib/liba3200/src/cmd/cmd_pwm.c.2.o
                0x0000000080004fc0                gs_a3200_pwm_register_commands
 .text.cmd_pwm_set
                0x0000000080004fd4       0xa0 lib/liba3200/src/cmd/cmd_pwm.c.2.o
 .text.cmd_pwm_init
                0x0000000080005074        0xc lib/liba3200/src/cmd/cmd_pwm.c.2.o
 .text.gs_a3200_pwr_register_commands
                0x0000000080005080       0x14 lib/liba3200/src/cmd/cmd_pwr_switch.c.2.o
                0x0000000080005080                gs_a3200_pwr_register_commands
 .text.cmd_pwr  0x0000000080005094      0x158 lib/liba3200/src/cmd/cmd_pwr_switch.c.2.o
 .text.cmd_pwr_pwm
                0x00000000800051ec       0x10 lib/liba3200/src/cmd/cmd_pwr_switch.c.2.o
 .text.cmd_pwr_gssb2
                0x00000000800051fc       0x10 lib/liba3200/src/cmd/cmd_pwr_switch.c.2.o
 .text.cmd_pwr_flash
                0x000000008000520c       0x10 lib/liba3200/src/cmd/cmd_pwr_switch.c.2.o
 .text.cmd_pwr_gssb
                0x000000008000521c       0x10 lib/liba3200/src/cmd/cmd_pwr_switch.c.2.o
 .text.gs_hmc5843_get_gain
                0x000000008000522c        0xc lib/liba3200/src/hmc5843.c.2.o
                0x000000008000522c                gs_hmc5843_get_gain
 .text.gs_hmc5843_get_rate
                0x0000000080005238        0xc lib/liba3200/src/hmc5843.c.2.o
                0x0000000080005238                gs_hmc5843_get_rate
 .text.gs_hmc5843_get_meas
                0x0000000080005244        0xc lib/liba3200/src/hmc5843.c.2.o
                0x0000000080005244                gs_hmc5843_get_meas
 .text.gs_hmc5843_read_raw
                0x0000000080005250       0x64 lib/liba3200/src/hmc5843.c.2.o
                0x0000000080005250                gs_hmc5843_read_raw
 .text.gs_hmc5843_read
                0x00000000800052b4       0x78 lib/liba3200/src/hmc5843.c.2.o
                0x00000000800052b4                gs_hmc5843_read
 .text.gs_hmc5843_set_mode
                0x000000008000532c       0x2c lib/liba3200/src/hmc5843.c.2.o
                0x000000008000532c                gs_hmc5843_set_mode
 .text.gs_hmc5843_read_test
                0x0000000080005358       0x28 lib/liba3200/src/hmc5843.c.2.o
                0x0000000080005358                gs_hmc5843_read_test
 .text.gs_hmc5843_set_conf
                0x0000000080005380       0xcc lib/liba3200/src/hmc5843.c.2.o
                0x0000000080005380                gs_hmc5843_set_conf
 .text.gs_hmc5843_init_force
                0x000000008000544c       0x38 lib/liba3200/src/hmc5843.c.2.o
                0x000000008000544c                gs_hmc5843_init_force
 .text.gs_hmc5843_init
                0x0000000080005484       0x38 lib/liba3200/src/hmc5843.c.2.o
                0x0000000080005484                gs_hmc5843_init
 .text.gs_hmc5843_selftest
                0x00000000800054bc      0x1f0 lib/liba3200/src/hmc5843.c.2.o
                0x00000000800054bc                gs_hmc5843_selftest
 .text.gs_mem_get_ext_ram_size
                0x00000000800056ac        0xc lib/liba3200/src/init.c.2.o
                0x00000000800056ac                gs_mem_get_ext_ram_size
 .text.gs_a3200_run
                0x00000000800056b8       0x48 lib/liba3200/src/init.c.2.o
                0x00000000800056b8                gs_a3200_run
 .text.gs_a3200_init_set_heap
                0x0000000080005700       0x88 lib/liba3200/src/init.c.2.o
                0x0000000080005700                gs_a3200_init_set_heap
 .text.gs_a3200_init_fram
                0x0000000080005788       0xcc lib/liba3200/src/init.c.2.o
                0x0000000080005788                gs_a3200_init_fram
 .text.gs_a3200_uart_init
                0x0000000080005854       0xc0 lib/liba3200/src/init.c.2.o
                0x0000000080005854                gs_a3200_uart_init
 .text.gs_a3200_init_can
                0x0000000080005914       0x8c lib/liba3200/src/init.c.2.o
                0x0000000080005914                gs_a3200_init_can
 .text.gs_a3200_init_twi
                0x00000000800059a0       0x84 lib/liba3200/src/init.c.2.o
                0x00000000800059a0                gs_a3200_init_twi
 .text.gs_a3200_init_spi1
                0x0000000080005a24       0x80 lib/liba3200/src/init.c.2.o
                0x0000000080005a24                gs_a3200_init_spi1
 .text.gs_a3200_init_spi0
                0x0000000080005aa4       0x6c lib/liba3200/src/init.c.2.o
                0x0000000080005aa4                gs_a3200_init_spi0
 .text.bsp_init_task
                0x0000000080005b10       0xa8 lib/liba3200/src/init.c.2.o
 .text.gs_a3200_led_off
                0x0000000080005bb8       0x20 lib/liba3200/src/led.c.2.o
                0x0000000080005bb8                gs_a3200_led_off
 .text.gs_a3200_led_on
                0x0000000080005bd8       0x20 lib/liba3200/src/led.c.2.o
                0x0000000080005bd8                gs_a3200_led_on
 .text.gs_a3200_led_init
                0x0000000080005bf8       0x18 lib/liba3200/src/led.c.2.o
                0x0000000080005bf8                gs_a3200_led_init
 .text.gs_a3200_lm71_init
                0x0000000080005c10       0x60 lib/liba3200/src/lm71.c.2.o
                0x0000000080005c10                gs_a3200_lm71_init
 .text.gs_mpu3300_read_temp
                0x0000000080005c70       0x80 lib/liba3200/src/mpu3300.c.2.o
                0x0000000080005c70                gs_mpu3300_read_temp
 .text.gs_mpu3300_sleep
                0x0000000080005cf0       0x60 lib/liba3200/src/mpu3300.c.2.o
                0x0000000080005cf0                gs_mpu3300_sleep
 .text.gs_mpu3300_reset
                0x0000000080005d50       0x30 lib/liba3200/src/mpu3300.c.2.o
                0x0000000080005d50                gs_mpu3300_reset
 .text.gs_mpu3300_init
                0x0000000080005d80       0x88 lib/liba3200/src/mpu3300.c.2.o
                0x0000000080005d80                gs_mpu3300_init
 .text.gs_mpu3300_read_raw
                0x0000000080005e08       0x54 lib/liba3200/src/mpu3300.c.2.o
                0x0000000080005e08                gs_mpu3300_read_raw
 .text.gs_mpu3300_read_gyro
                0x0000000080005e5c       0x6c lib/liba3200/src/mpu3300.c.2.o
                0x0000000080005e5c                gs_mpu3300_read_gyro
 .text.gs_mpu3300_selftest
                0x0000000080005ec8      0x304 lib/liba3200/src/mpu3300.c.2.o
                0x0000000080005ec8                gs_mpu3300_selftest
 .text.gs_a3200_pwm_set_freq
                0x00000000800061cc       0xb8 lib/liba3200/src/pwm.c.2.o
                0x00000000800061cc                gs_a3200_pwm_set_freq
 .text.gs_a3200_pwm_set_dir
                0x0000000080006284       0x38 lib/liba3200/src/pwm.c.2.o
                0x0000000080006284                gs_a3200_pwm_set_dir
 .text.gs_a3200_pwm_set_duty
                0x00000000800062bc       0xd4 lib/liba3200/src/pwm.c.2.o
                0x00000000800062bc                gs_a3200_pwm_set_duty
 .text.gs_a3200_pwm_enable
                0x0000000080006390       0x24 lib/liba3200/src/pwm.c.2.o
                0x0000000080006390                gs_a3200_pwm_enable
 .text.gs_a3200_pwm_init
                0x00000000800063b4       0xa4 lib/liba3200/src/pwm.c.2.o
                0x00000000800063b4                gs_a3200_pwm_init
 .text.gs_a3200_pwr_switch_get
                0x0000000080006458       0x30 lib/liba3200/src/pwr_switch.c.2.o
                0x0000000080006458                gs_a3200_pwr_switch_get
 .text.my_gpio_set_pin
                0x0000000080006488       0x1c lib/liba3200/src/pwr_switch.c.2.o
 .text.gs_a3200_pwr_switch_set
                0x00000000800064a4       0x30 lib/liba3200/src/pwr_switch.c.2.o
                0x00000000800064a4                gs_a3200_pwr_switch_set
 .text.gs_a3200_pwr_switch_init
                0x00000000800064d4       0x28 lib/liba3200/src/pwr_switch.c.2.o
                0x00000000800064d4                gs_a3200_pwr_switch_init
 .text.gs_spn_fl512s_register_commands
                0x00000000800064fc       0x14 lib/libthirdparty/src/flash/cmd_spn_fl512s.c.2.o
                0x00000000800064fc                gs_spn_fl512s_register_commands
 .text.parse_partition
                0x0000000080006510       0x28 lib/libthirdparty/src/flash/cmd_spn_fl512s.c.2.o
 .text.cmd_spn_fl512s_erase_chip
                0x0000000080006538       0x18 lib/libthirdparty/src/flash/cmd_spn_fl512s.c.2.o
 .text.cmd_spn_fl512s_erase
                0x0000000080006550       0x38 lib/libthirdparty/src/flash/cmd_spn_fl512s.c.2.o
 .text.cmd_spn_fl512s_write
                0x0000000080006588       0x88 lib/libthirdparty/src/flash/cmd_spn_fl512s.c.2.o
 .text.cmd_spn_fl512s_read
                0x0000000080006610       0x5c lib/libthirdparty/src/flash/cmd_spn_fl512s.c.2.o
 .text.cmd_spn_fl512s_read_id
                0x000000008000666c       0x38 lib/libthirdparty/src/flash/cmd_spn_fl512s.c.2.o
 .text.cmd_spn_fl512s_read_sr
                0x00000000800066a4       0x40 lib/libthirdparty/src/flash/cmd_spn_fl512s.c.2.o
 .text.spn_fl512s_read_device_id
                0x00000000800066e4       0x70 lib/libthirdparty/src/flash/spn_fl512s.c.2.o
                0x00000000800066e4                spn_fl512s_read_device_id
 .text.spn_fl512s_read_status_register
                0x0000000080006754       0x7c lib/libthirdparty/src/flash/spn_fl512s.c.2.o
                0x0000000080006754                spn_fl512s_read_status_register
 .text.spn_fl512s_wait_for_status_ok
                0x00000000800067d0       0x98 lib/libthirdparty/src/flash/spn_fl512s.c.2.o
 .text.spn_fl512s_erase_chip
                0x0000000080006868       0xa0 lib/libthirdparty/src/flash/spn_fl512s.c.2.o
                0x0000000080006868                spn_fl512s_erase_chip
 .text.spn_fl512s_erase_block
                0x0000000080006908       0xbc lib/libthirdparty/src/flash/spn_fl512s.c.2.o
                0x0000000080006908                spn_fl512s_erase_block
 .text.spn_fl512s_write_data
                0x00000000800069c4       0xd8 lib/libthirdparty/src/flash/spn_fl512s.c.2.o
                0x00000000800069c4                spn_fl512s_write_data
 .text.spn_fl512s_read_data
                0x0000000080006a9c       0xb4 lib/libthirdparty/src/flash/spn_fl512s.c.2.o
                0x0000000080006a9c                spn_fl512s_read_data
 .text.spn_fl512s_init
                0x0000000080006b50       0xcc lib/libthirdparty/src/flash/spn_fl512s.c.2.o
                0x0000000080006b50                spn_fl512s_init
 .text.sane_to_bcd
                0x0000000080006c1c       0x14 lib/libthirdparty/src/fram/fm33256b.c.2.o
 .text.fm33256b_vmem_info
                0x0000000080006c30       0x64 lib/libthirdparty/src/fram/fm33256b.c.2.o
 .text.gs_fm33256b_fram_read
                0x0000000080006c94       0xa4 lib/libthirdparty/src/fram/fm33256b.c.2.o
                0x0000000080006c94                gs_fm33256b_fram_read
 .text.fm33256b_vmem_read
                0x0000000080006d38       0x1c lib/libthirdparty/src/fram/fm33256b.c.2.o
 .text.fm33256b_write_reg
                0x0000000080006d54       0x60 lib/libthirdparty/src/fram/fm33256b.c.2.o
 .text.fm33256b_rtc_set_time
                0x0000000080006db4      0x164 lib/libthirdparty/src/fram/fm33256b.c.2.o
 .text.gs_fm33256b_fram_write
                0x0000000080006f18       0xc4 lib/libthirdparty/src/fram/fm33256b.c.2.o
                0x0000000080006f18                gs_fm33256b_fram_write
 .text.fm33256b_vmem_write
                0x0000000080006fdc       0x14 lib/libthirdparty/src/fram/fm33256b.c.2.o
 .text.gs_fm33256b_fram_protect_region
                0x0000000080006ff0       0x88 lib/libthirdparty/src/fram/fm33256b.c.2.o
                0x0000000080006ff0                gs_fm33256b_fram_protect_region
 .text.fm33256b_vmem_lock
                0x0000000080007078       0x20 lib/libthirdparty/src/fram/fm33256b.c.2.o
 .text.fm33256b_rtc_get_time
                0x0000000080007098      0x1dc lib/libthirdparty/src/fram/fm33256b.c.2.o
 .text.gs_fm33256b_init
                0x0000000080007274       0x90 lib/libthirdparty/src/fram/fm33256b.c.2.o
                0x0000000080007274                gs_fm33256b_init
 .text.gs_fm33256b_register_commands
                0x0000000080007304       0x14 lib/libthirdparty/src/fram/fm33256b_cmd.c.2.o
                0x0000000080007304                gs_fm33256b_register_commands
 .text.cmd_rtc_set
                0x0000000080007318       0x2c lib/libthirdparty/src/fram/fm33256b_cmd.c.2.o
 .text.cmd_rtc_get
                0x0000000080007344       0x48 lib/libthirdparty/src/fram/fm33256b_cmd.c.2.o
 .text.cmd_mem_protect
                0x000000008000738c       0x2c lib/libthirdparty/src/fram/fm33256b_cmd.c.2.o
 .text.cmd_mem_erase
                0x00000000800073b8       0xd8 lib/libthirdparty/src/fram/fm33256b_cmd.c.2.o
 .text.cmd_mem_write
                0x0000000080007490       0xc8 lib/libthirdparty/src/fram/fm33256b_cmd.c.2.o
 .text.cmd_mem_read
                0x0000000080007558       0x78 lib/libthirdparty/src/fram/fm33256b_cmd.c.2.o
 .text.gs_lm71_read_temp
                0x00000000800075d0       0x7c lib/libthirdparty/src/lm71/lm71.c.2.o
                0x00000000800075d0                gs_lm71_read_temp
 .text.clock_set_time
                0x000000008000764c        0xc lib/libgscsp/src/clock.c.2.o
                0x000000008000764c                clock_set_time
 .text.clock_get_time
                0x0000000080007658        0xc lib/libgscsp/src/clock.c.2.o
                0x0000000080007658                clock_get_time
 .text.gs_csp_register_commands
                0x0000000080007664       0x14 lib/libgscsp/src/commands.c.2.o
                0x0000000080007664                gs_csp_register_commands
 .text.cmd_cmp_clock
                0x0000000080007678      0x1d8 lib/libgscsp/src/commands.c.2.o
 .text.cmd_cmp_clock_sync
                0x0000000080007850       0x60 lib/libgscsp/src/commands.c.2.o
 .text.cmd_cmp_clock_get
                0x00000000800078b0       0x54 lib/libgscsp/src/commands.c.2.o
 .text.cmd_cmp_clock_set
                0x0000000080007904       0x64 lib/libgscsp/src/commands.c.2.o
 .text.cmd_cmp_ifc
                0x0000000080007968      0x3d0 lib/libgscsp/src/commands.c.2.o
 .text.cmd_cmp_route_set
                0x0000000080007d38       0xc0 lib/libgscsp/src/commands.c.2.o
 .text.cmd_csp_rdp_set_opt
                0x0000000080007df8       0xbc lib/libgscsp/src/commands.c.2.o
 .text.cmd_csp_conn_print_table
                0x0000000080007eb4        0xc lib/libgscsp/src/commands.c.2.o
 .text.cmd_csp_route_print_interfaces
                0x0000000080007ec0        0xc lib/libgscsp/src/commands.c.2.o
 .text.cmd_csp_route_print_table
                0x0000000080007ecc        0xc lib/libgscsp/src/commands.c.2.o
 .text.T.104    0x0000000080007ed8       0x64 lib/libgscsp/src/commands.c.2.o
 .text.cmd_ping
                0x0000000080007f3c      0x1ac lib/libgscsp/src/commands.c.2.o
 .text.cmd_ps   0x00000000800080e8       0x2c lib/libgscsp/src/commands.c.2.o
 .text.cmd_memfree
                0x0000000080008114       0x2c lib/libgscsp/src/commands.c.2.o
 .text.cmd_buf_free
                0x0000000080008140       0x2c lib/libgscsp/src/commands.c.2.o
 .text.cmd_reboot
                0x000000008000816c       0x34 lib/libgscsp/src/commands.c.2.o
 .text.cmd_shutdown
                0x00000000800081a0       0x34 lib/libgscsp/src/commands.c.2.o
 .text.cmd_uptime
                0x00000000800081d4       0x6c lib/libgscsp/src/commands.c.2.o
 .text.cmd_cmp_peek
                0x0000000080008240       0xf4 lib/libgscsp/src/commands.c.2.o
 .text.cmd_cmp_poke
                0x0000000080008334      0x118 lib/libgscsp/src/commands.c.2.o
 .text.cmd_cmp_ident
                0x000000008000844c       0xbc lib/libgscsp/src/commands.c.2.o
 .text.gs_csp_conf_get_defaults_embedded
                0x0000000080008508       0x24 lib/libgscsp/src/csp.c.2.o
                0x0000000080008508                gs_csp_conf_get_defaults_embedded
 .text.gs_csp_init
                0x000000008000852c       0xe4 lib/libgscsp/src/csp.c.2.o
                0x000000008000852c                gs_csp_init
 .text.gs_csp_can_init2
                0x0000000080008610      0x1b4 lib/libgscsp/src/drivers/can/can.c.2.o
                0x0000000080008610                gs_csp_can_init2
 .text.gs_csp_can_rxdata_callback_isr
                0x00000000800087c4       0x28 lib/libgscsp/src/drivers/can/can.c.2.o
 .text.csp_can_tx_frame
                0x00000000800087ec       0x14 lib/libgscsp/src/drivers/can/can.c.2.o
                0x00000000800087ec                csp_can_tx_frame
 .text.gs_csp_i2c_init
                0x0000000080008800       0x1c lib/libgscsp/src/drivers/i2c/i2c.c.2.o
                0x0000000080008800                gs_csp_i2c_init
 .text.i2c_init
                0x000000008000881c       0x40 lib/libgscsp/src/drivers/i2c/i2c.c.2.o
                0x000000008000881c                i2c_init
 .text.gs_csp_i2c_get_buffer
                0x000000008000885c       0x14 lib/libgscsp/src/drivers/i2c/i2c.c.2.o
 .text.gs_csp_i2c_rxdata_callback_isr
                0x0000000080008870       0x20 lib/libgscsp/src/drivers/i2c/i2c.c.2.o
 .text.i2c_send
                0x0000000080008890       0x40 lib/libgscsp/src/drivers/i2c/i2c.c.2.o
                0x0000000080008890                i2c_send
 .text.csp_kiss_discard
                0x00000000800088d0        0x2 lib/libgscsp/src/drivers/kiss/kiss.c.2.o
 *fill*         0x00000000800088d2        0x2 
 .text.gs_csp_kiss_init
                0x00000000800088d4       0x58 lib/libgscsp/src/drivers/kiss/kiss.c.2.o
                0x00000000800088d4                gs_csp_kiss_init
 .text.usart_rx_callback
                0x000000008000892c       0x14 lib/libgscsp/src/drivers/kiss/kiss.c.2.o
 .text.csp_kiss_putc
                0x0000000080008940       0x1c lib/libgscsp/src/drivers/kiss/kiss.c.2.o
 .text.gs_csp_error
                0x000000008000895c       0x6a lib/libgscsp/src/error.c.2.o
                0x000000008000895c                gs_csp_error
 *fill*         0x00000000800089c6        0x2 
 .text.cpu_reset
                0x00000000800089c8       0x10 lib/libgscsp/src/freertos/cpu.c.2.o
                0x00000000800089c8                cpu_reset
 .text.gs_csp_log_init
                0x00000000800089d8       0x60 lib/libgscsp/src/log.c.2.o
                0x00000000800089d8                gs_csp_log_init
 .text.gs_log_csp_debug_hook
                0x0000000080008a38       0x44 lib/libgscsp/src/log.c.2.o
 .text.gs_csp_router_task_start
                0x0000000080008a7c       0x50 lib/libgscsp/src/router.c.2.o
                0x0000000080008a7c                gs_csp_router_task_start
 .text.gs_csp_router_task
                0x0000000080008acc       0x4c lib/libgscsp/src/router.c.2.o
 .text.gs_csp_rtable_load
                0x0000000080008b18      0x150 lib/libgscsp/src/rtable.c.2.o
                0x0000000080008b18                gs_csp_rtable_load
 .text.gs_csp_service_dispatcher_create
                0x0000000080008c68      0x1dc lib/libgscsp/src/service_dispatcher.c.2.o
                0x0000000080008c68                gs_csp_service_dispatcher_create
 .text.service_dispatcher_task
                0x0000000080008e44      0x1c4 lib/libgscsp/src/service_dispatcher.c.2.o
 .text.call_csp_packet_handler
                0x0000000080009008       0x2c lib/libgscsp/src/service_handler.c.2.o
 .text.gs_csp_uptime_service_handler
                0x0000000080009034       0x14 lib/libgscsp/src/service_handler.c.2.o
                0x0000000080009034                gs_csp_uptime_service_handler
 .text.gs_csp_buf_free_service_handler
                0x0000000080009048       0x14 lib/libgscsp/src/service_handler.c.2.o
                0x0000000080009048                gs_csp_buf_free_service_handler
 .text.gs_csp_reboot_service_handler
                0x000000008000905c       0x14 lib/libgscsp/src/service_handler.c.2.o
                0x000000008000905c                gs_csp_reboot_service_handler
 .text.gs_csp_mem_free_service_handler
                0x0000000080009070       0x14 lib/libgscsp/src/service_handler.c.2.o
                0x0000000080009070                gs_csp_mem_free_service_handler
 .text.gs_csp_ps_service_handler
                0x0000000080009084       0x14 lib/libgscsp/src/service_handler.c.2.o
                0x0000000080009084                gs_csp_ps_service_handler
 .text.gs_csp_ping_service_handler
                0x0000000080009098       0x14 lib/libgscsp/src/service_handler.c.2.o
                0x0000000080009098                gs_csp_ping_service_handler
 .text.gs_csp_cmp_service_handler
                0x00000000800090ac       0x14 lib/libgscsp/src/service_handler.c.2.o
                0x00000000800090ac                gs_csp_cmp_service_handler
 .text.uptime   0x00000000800090c0       0x58 lib/libgscsp/src/service_handler.c.2.o
 .text.memfree  0x0000000080009118       0x6c lib/libgscsp/src/service_handler.c.2.o
 .text.gs_can_set_extended_filter_mask
                0x0000000080009184      0x10c lib/libembed/src/asf/avr32/drivers/can/can.c.2.o
                0x0000000080009184                gs_can_set_extended_filter_mask
 .text.can_mbox_rx
                0x0000000080009290       0x94 lib/libembed/src/asf/avr32/drivers/can/can.c.2.o
 .text.can_int_wakeup_handler0
                0x0000000080009324        0xa lib/libembed/src/asf/avr32/drivers/can/can.c.2.o
 .text.can_int_wakeup_handler1
                0x000000008000932e        0xe lib/libembed/src/asf/avr32/drivers/can/can.c.2.o
 .text.can_mob_free_isr
                0x000000008000933c       0xa8 lib/libembed/src/asf/avr32/drivers/can/can.c.2.o
 .text.do_can_int_error_handler
                0x00000000800093e4       0x98 lib/libembed/src/asf/avr32/drivers/can/can.c.2.o
 .text.can_int_error_handler1
                0x000000008000947c       0x78 lib/libembed/src/asf/avr32/drivers/can/can.c.2.o
                0x000000008000947c                can_int_error_handler1
 .text.can_int_error_handler0
                0x00000000800094f4       0x78 lib/libembed/src/asf/avr32/drivers/can/can.c.2.o
                0x00000000800094f4                can_int_error_handler0
 .text.do_can_int_busoff_handler
                0x000000008000956c       0x98 lib/libembed/src/asf/avr32/drivers/can/can.c.2.o
 .text.can_int_busoff_handler1
                0x0000000080009604       0x78 lib/libembed/src/asf/avr32/drivers/can/can.c.2.o
                0x0000000080009604                can_int_busoff_handler1
 .text.can_int_busoff_handler0
                0x000000008000967c       0x78 lib/libembed/src/asf/avr32/drivers/can/can.c.2.o
                0x000000008000967c                can_int_busoff_handler0
 .text.do_can_int_tx_handler
                0x00000000800096f4       0x6c lib/libembed/src/asf/avr32/drivers/can/can.c.2.o
 .text.can_int_tx_handler1
                0x0000000080009760       0x78 lib/libembed/src/asf/avr32/drivers/can/can.c.2.o
                0x0000000080009760                can_int_tx_handler1
 .text.can_int_tx_handler0
                0x00000000800097d8       0x78 lib/libembed/src/asf/avr32/drivers/can/can.c.2.o
                0x00000000800097d8                can_int_tx_handler0
 .text.do_can_int_rx_handler
                0x0000000080009850      0x1a4 lib/libembed/src/asf/avr32/drivers/can/can.c.2.o
 .text.can_int_rx_handler1
                0x00000000800099f4       0x78 lib/libembed/src/asf/avr32/drivers/can/can.c.2.o
                0x00000000800099f4                can_int_rx_handler1
 .text.can_int_rx_handler0
                0x0000000080009a6c       0x78 lib/libembed/src/asf/avr32/drivers/can/can.c.2.o
                0x0000000080009a6c                can_int_rx_handler0
 .text.gs_can_send_extended
                0x0000000080009ae4      0x214 lib/libembed/src/asf/avr32/drivers/can/can.c.2.o
                0x0000000080009ae4                gs_can_send_extended
 .text.gs_can_start
                0x0000000080009cf8      0x168 lib/libembed/src/asf/avr32/drivers/can/can.c.2.o
                0x0000000080009cf8                gs_can_start
 .text.gs_can_init
                0x0000000080009e60      0x444 lib/libembed/src/asf/avr32/drivers/can/can.c.2.o
                0x0000000080009e60                gs_can_init
 .text.gs_can_init_w_fallback
                0x000000008000a2a4       0x68 lib/libembed/src/asf/avr32/drivers/can/can.c.2.o
                0x000000008000a2a4                gs_can_init_w_fallback
 .text.gs_gpio_set
                0x000000008000a30c       0x4c lib/libembed/src/asf/avr32/drivers/gpio/gpio.c.2.o
                0x000000008000a30c                gs_gpio_set
 .text.sysclk_get_peripheral_bus_hz
                0x000000008000a358      0x190 lib/libembed/src/asf/avr32/drivers/i2c/i2c.c.2.o
 .text.twis_reset
                0x000000008000a4e8       0x34 lib/libembed/src/asf/avr32/drivers/i2c/i2c.c.2.o
                0x000000008000a4e8                twis_reset
 .text.gs_i2c_slave_set_rx
                0x000000008000a51c        0xc lib/libembed/src/asf/avr32/drivers/i2c/i2c.c.2.o
                0x000000008000a51c                gs_i2c_slave_set_rx
 .text.gs_i2c_slave_set_get_rx_buf
                0x000000008000a528       0x10 lib/libembed/src/asf/avr32/drivers/i2c/i2c.c.2.o
                0x000000008000a528                gs_i2c_slave_set_get_rx_buf
 .text.gs_i2c_slave_start
                0x000000008000a538        0xc lib/libembed/src/asf/avr32/drivers/i2c/i2c.c.2.o
                0x000000008000a538                gs_i2c_slave_start
 .text.gs_i2c_master_transaction
                0x000000008000a544       0x3c lib/libembed/src/asf/avr32/drivers/i2c/i2c.c.2.o
                0x000000008000a544                gs_i2c_master_transaction
 .text.gs_avr_i2c_init
                0x000000008000a580      0x188 lib/libembed/src/asf/avr32/drivers/i2c/i2c.c.2.o
                0x000000008000a580                gs_avr_i2c_init
 .text.pdca_DSR
                0x000000008000a708       0x7c lib/libembed/src/asf/avr32/drivers/i2c/i2c.c.2.o
                0x000000008000a708                pdca_DSR
 .text.pdca_ISR
                0x000000008000a784       0x78 lib/libembed/src/asf/avr32/drivers/i2c/i2c.c.2.o
                0x000000008000a784                pdca_ISR
 .text.i2c_DSR  0x000000008000a7fc      0x1d4 lib/libembed/src/asf/avr32/drivers/i2c/i2c.c.2.o
                0x000000008000a7fc                i2c_DSR
 .text.i2c_ISR  0x000000008000a9d0       0x78 lib/libembed/src/asf/avr32/drivers/i2c/i2c.c.2.o
                0x000000008000a9d0                i2c_ISR
 .text.sysclk_get_peripheral_bus_hz
                0x000000008000aa48      0x190 lib/libembed/src/asf/avr32/drivers/spi/master.c.2.o
 .text.gs_spi_unselect_chip
                0x000000008000abd8       0xe8 lib/libembed/src/asf/avr32/drivers/spi/master.c.2.o
                0x000000008000abd8                gs_spi_unselect_chip
 .text.gs_spi_setup_chip
                0x000000008000acc0      0x194 lib/libembed/src/asf/avr32/drivers/spi/master.c.2.o
                0x000000008000acc0                gs_spi_setup_chip
 .text.gs_spi_asf_master_configure_slave
                0x000000008000ae54       0x6c lib/libembed/src/asf/avr32/drivers/spi/master.c.2.o
                0x000000008000ae54                gs_spi_asf_master_configure_slave
 .text.gs_spi_select_chip
                0x000000008000aec0      0x104 lib/libembed/src/asf/avr32/drivers/spi/master.c.2.o
                0x000000008000aec0                gs_spi_select_chip
 .text.gs_spi_master_transactions
                0x000000008000afc4      0x204 lib/libembed/src/asf/avr32/drivers/spi/master.c.2.o
                0x000000008000afc4                gs_spi_master_transactions
 .text.gs_spi_master_transaction
                0x000000008000b1c8       0x1c lib/libembed/src/asf/avr32/drivers/spi/master.c.2.o
                0x000000008000b1c8                gs_spi_master_transaction
 .text.sysclk_enable_pba_module
                0x000000008000b1e4       0x10 lib/libembed/src/asf/avr32/drivers/spi/master.c.2.o
 .text.gs_spi_init_device
                0x000000008000b1f4      0x344 lib/libembed/src/asf/avr32/drivers/spi/master.c.2.o
                0x000000008000b1f4                gs_spi_init_device
 .text.gs_sys_avr32_reset_all_interrupt_settings
                0x000000008000b538       0x8c lib/libembed/src/asf/avr32/drivers/sys/avr32_reset_all_interrupt_settings.c.2.o
                0x000000008000b538                gs_sys_avr32_reset_all_interrupt_settings
 .text.gs_mem_get_int_ram_size
                0x000000008000b5c4        0x8 lib/libembed/src/asf/avr32/drivers/sys/memory.c.2.o
                0x000000008000b5c4                gs_mem_get_int_ram_size
 .text.gs_mem_heap_set
                0x000000008000b5cc       0x14 lib/libembed/src/asf/avr32/drivers/sys/memory.c.2.o
                0x000000008000b5cc                gs_mem_heap_set
 .text.gs_mem_heap_get_start
                0x000000008000b5e0        0xc lib/libembed/src/asf/avr32/drivers/sys/memory.c.2.o
                0x000000008000b5e0                gs_mem_heap_get_start
 .text.gs_mem_heap_get_end
                0x000000008000b5ec        0xc lib/libembed/src/asf/avr32/drivers/sys/memory.c.2.o
                0x000000008000b5ec                gs_mem_heap_get_end
 .text.gs_sys_get_boot_cause
                0x000000008000b5f8       0x72 lib/libembed/src/asf/avr32/drivers/sys/reset.c.2.o
                0x000000008000b5f8                gs_sys_get_boot_cause
 *fill*         0x000000008000b66a        0x2 
 .text.gs_sys_clear_reset_cause
                0x000000008000b66c       0x24 lib/libembed/src/asf/avr32/drivers/sys/reset.c.2.o
                0x000000008000b66c                gs_sys_clear_reset_cause
 .text.gs_sys_get_crash_address
                0x000000008000b690       0x34 lib/libembed/src/asf/avr32/drivers/sys/reset.c.2.o
                0x000000008000b690                gs_sys_get_crash_address
 .text.gs_sys_get_reset_cause
                0x000000008000b6c4       0x38 lib/libembed/src/asf/avr32/drivers/sys/reset.c.2.o
                0x000000008000b6c4                gs_sys_get_reset_cause
 .text.gs_sys_reset
                0x000000008000b6fc       0x40 lib/libembed/src/asf/avr32/drivers/sys/reset.c.2.o
                0x000000008000b6fc                gs_sys_reset
 .text.gs_uart_get_common
                0x000000008000b73c       0x1c lib/libembed/src/asf/avr32/drivers/uart/uart.c.2.o
                0x000000008000b73c                gs_uart_get_common
 .text.gs_uart_tx_start_if_idle
                0x000000008000b758        0x2 lib/libembed/src/asf/avr32/drivers/uart/uart.c.2.o
                0x000000008000b758                gs_uart_tx_start_if_idle
 *fill*         0x000000008000b75a        0x2 
 .text.gs_uart_write_direct
                0x000000008000b75c       0x10 lib/libembed/src/asf/avr32/drivers/uart/uart.c.2.o
                0x000000008000b75c                gs_uart_write_direct
 .text.gs_uart_enable
                0x000000008000b76c      0x31c lib/libembed/src/asf/avr32/drivers/uart/uart.c.2.o
                0x000000008000b76c                gs_uart_enable
 .text.gs_uart_disable
                0x000000008000ba88       0x20 lib/libembed/src/asf/avr32/drivers/uart/uart.c.2.o
                0x000000008000ba88                gs_uart_disable
 .text.gs_uart_init
                0x000000008000baa8       0xa0 lib/libembed/src/asf/avr32/drivers/uart/uart.c.2.o
                0x000000008000baa8                gs_uart_init
 .text.gs_uart_rx_isr
                0x000000008000bb48       0x44 lib/libembed/src/asf/avr32/drivers/uart/uart.c.2.o
 .text.usart_pdc_DSR
                0x000000008000bb8c       0xb0 lib/libembed/src/asf/avr32/drivers/uart/uart.c.2.o
                0x000000008000bb8c                usart_pdc_DSR
 .text.usart_pdc4_ISR
                0x000000008000bc3c       0x80 lib/libembed/src/asf/avr32/drivers/uart/uart.c.2.o
                0x000000008000bc3c                usart_pdc4_ISR
 .text.usart_pdc3_ISR
                0x000000008000bcbc       0x80 lib/libembed/src/asf/avr32/drivers/uart/uart.c.2.o
                0x000000008000bcbc                usart_pdc3_ISR
 .text.usart_pdc2_ISR
                0x000000008000bd3c       0x80 lib/libembed/src/asf/avr32/drivers/uart/uart.c.2.o
                0x000000008000bd3c                usart_pdc2_ISR
 .text.usart_pdc1_ISR
                0x000000008000bdbc       0x80 lib/libembed/src/asf/avr32/drivers/uart/uart.c.2.o
                0x000000008000bdbc                usart_pdc1_ISR
 .text.usart_pdc0_ISR
                0x000000008000be3c       0x80 lib/libembed/src/asf/avr32/drivers/uart/uart.c.2.o
                0x000000008000be3c                usart_pdc0_ISR
 .text.do_unknown_exception
                0x000000008000bebc      0x2c8 lib/libembed/src/asf/avr32/exception_handler.c.2.o
                0x000000008000bebc                do_unknown_exception
 .text.gs_clock_get_monotonic
                0x000000008000c184       0x40 lib/libembed/src/clock.c.2.o
                0x000000008000c184                gs_clock_get_monotonic
 .text.gs_clock_set_time
                0x000000008000c1c4       0x64 lib/libembed/src/clock.c.2.o
                0x000000008000c1c4                gs_clock_set_time
 .text.gs_clock_get_time
                0x000000008000c228       0x60 lib/libembed/src/clock.c.2.o
                0x000000008000c228                gs_clock_get_time
 .text.gs_embed_register_commands
                0x000000008000c288       0x14 lib/libembed/src/cmd/cmd.c.2.o
                0x000000008000c288                gs_embed_register_commands
 .text.free_handler
                0x000000008000c29c       0x38 lib/libembed/src/cmd/cmd.c.2.o
 .text.free_extern
                0x000000008000c2d4       0x10 lib/libembed/src/cmd/cmd.c.2.o
 .text.free_intern
                0x000000008000c2e4       0x10 lib/libembed/src/cmd/cmd.c.2.o
 .text.poke_handler
                0x000000008000c2f4       0x60 lib/libembed/src/cmd/cmd.c.2.o
 .text.peek_handler
                0x000000008000c354       0x48 lib/libembed/src/cmd/cmd.c.2.o
 .text.ps_handler
                0x000000008000c39c      0x148 lib/libembed/src/cmd/cmd.c.2.o
 .text.cpu_reset_handler
                0x000000008000c4e4       0x10 lib/libembed/src/cmd/cmd.c.2.o
 .text.gs_mem_get_ram_default
                0x000000008000c4f4       0x38 lib/libembed/src/drivers/sys/memory.c.2.o
                0x000000008000c4f4                gs_mem_get_ram_default
 .text.get_mem_stat
                0x000000008000c52c       0x6c lib/libembed/src/drivers/sys/memory.c.2.o
 .text.gs_mem_get_int_ram_stat
                0x000000008000c598       0x24 lib/libembed/src/drivers/sys/memory.c.2.o
                0x000000008000c598                gs_mem_get_int_ram_stat
 .text.gs_mem_get_ext_ram_stat
                0x000000008000c5bc       0x24 lib/libembed/src/drivers/sys/memory.c.2.o
                0x000000008000c5bc                gs_mem_get_ext_ram_stat
 .text.gs_sys_app_reset_cause_to_string
                0x000000008000c5e0        0x8 lib/libembed/src/drivers/sys/reset.c.2.o
                0x000000008000c5e0                gs_sys_app_reset_cause_to_string
 .text.gs_sys_reset_cause_to_string
                0x000000008000c5e8       0x5c lib/libembed/src/drivers/sys/reset.c.2.o
                0x000000008000c5e8                gs_sys_reset_cause_to_string
 .text.gs_sys_log_causes
                0x000000008000c644       0xb8 lib/libembed/src/drivers/sys/reset.c.2.o
                0x000000008000c644                gs_sys_log_causes
 .text.gs_uart_write_buffer_direct
                0x000000008000c6fc       0x44 lib/libembed/src/drivers/uart/uart.c.2.o
                0x000000008000c6fc                gs_uart_write_buffer_direct
 .text.gs_uart_write
                0x000000008000c740       0x58 lib/libembed/src/drivers/uart/uart.c.2.o
                0x000000008000c740                gs_uart_write
 .text.gs_uart_read
                0x000000008000c798       0x2c lib/libembed/src/drivers/uart/uart.c.2.o
                0x000000008000c798                gs_uart_read
 .text.gs_uart_set_rx_callback
                0x000000008000c7c4       0x34 lib/libembed/src/drivers/uart/uart.c.2.o
                0x000000008000c7c4                gs_uart_set_rx_callback
 .text.gs_uart_init_common
                0x000000008000c7f8       0x40 lib/libembed/src/drivers/uart/uart.c.2.o
                0x000000008000c7f8                gs_uart_init_common
 .text.gs_uart_get_default_comm
                0x000000008000c838       0x28 lib/libembed/src/drivers/uart/uart.c.2.o
                0x000000008000c838                gs_uart_get_default_comm
 .text.gs_uart_get_default_config
                0x000000008000c860       0x28 lib/libembed/src/drivers/uart/uart.c.2.o
                0x000000008000c860                gs_uart_get_default_config
 .text.gs_mutex_unlock
                0x000000008000c888       0x20 lib/libembed/src/mutex.c.2.o
                0x000000008000c888                gs_mutex_unlock
 .text.gs_mutex_lock
                0x000000008000c8a8       0x24 lib/libembed/src/mutex.c.2.o
                0x000000008000c8a8                gs_mutex_lock
 .text.gs_mutex_create
                0x000000008000c8cc       0x24 lib/libembed/src/mutex.c.2.o
                0x000000008000c8cc                gs_mutex_create
 .text.__retarget_lock_release_recursive
                0x000000008000c8f0       0x10 lib/libembed/src/newlib/lock/lock.c.2.o
                0x000000008000c8f0                __retarget_lock_release_recursive
 .text.__retarget_lock_release
                0x000000008000c900       0x14 lib/libembed/src/newlib/lock/lock.c.2.o
                0x000000008000c900                __retarget_lock_release
 .text.init_retarget_locks
                0x000000008000c914       0x84 lib/libembed/src/newlib/lock/lock.c.2.o
 .text.__retarget_lock_acquire_recursive
                0x000000008000c998       0x2c lib/libembed/src/newlib/lock/lock.c.2.o
                0x000000008000c998                __retarget_lock_acquire_recursive
 .text.__retarget_lock_acquire
                0x000000008000c9c4       0x2c lib/libembed/src/newlib/lock/lock.c.2.o
                0x000000008000c9c4                __retarget_lock_acquire
 .text.__retarget_lock_close_recursive
                0x000000008000c9f0       0x1c lib/libembed/src/newlib/lock/lock.c.2.o
                0x000000008000c9f0                __retarget_lock_close_recursive
 .text.__retarget_lock_init_recursive
                0x000000008000ca0c       0x20 lib/libembed/src/newlib/lock/lock.c.2.o
                0x000000008000ca0c                __retarget_lock_init_recursive
 .text._close_r
                0x000000008000ca2c        0x6 lib/libembed/src/newlib/syscalls/close.c.2.o
                0x000000008000ca2c                _close_r
 *fill*         0x000000008000ca32        0x2 
 .text._exit    0x000000008000ca34       0x2c lib/libembed/src/newlib/syscalls/exit.c.2.o
                0x000000008000ca34                _exit
 .text._fstat_r
                0x000000008000ca60        0x6 lib/libembed/src/newlib/syscalls/fstat.c.2.o
                0x000000008000ca60                _fstat_r
 .text._getpid_r
                0x000000008000ca66        0x2 lib/libembed/src/newlib/syscalls/getpid.c.2.o
                0x000000008000ca66                _getpid_r
 .text._kill_r  0x000000008000ca68        0x6 lib/libembed/src/newlib/syscalls/kill.c.2.o
                0x000000008000ca68                _kill_r
 .text._lseek_r
                0x000000008000ca6e        0x6 lib/libembed/src/newlib/syscalls/lseek.c.2.o
                0x000000008000ca6e                _lseek_r
 .text._read_r  0x000000008000ca74       0x2c lib/libembed/src/newlib/syscalls/read.c.2.o
                0x000000008000ca74                _read_r
 .text._sbrk_r  0x000000008000caa0       0x54 lib/libembed/src/newlib/syscalls/sbrk.c.2.o
                0x000000008000caa0                _sbrk_r
 .text.__malloc_unlock
                0x000000008000caf4        0xc lib/libembed/src/newlib/syscalls/sbrk.c.2.o
                0x000000008000caf4                __malloc_unlock
 .text.__malloc_lock
                0x000000008000cb00        0xc lib/libembed/src/newlib/syscalls/sbrk.c.2.o
                0x000000008000cb00                __malloc_lock
 .text._write_r
                0x000000008000cb0c       0x44 lib/libembed/src/newlib/syscalls/write.c.2.o
                0x000000008000cb0c                _write_r
 .text.gs_queue_dequeue
                0x000000008000cb50       0x20 lib/libembed/src/queue.c.2.o
                0x000000008000cb50                gs_queue_dequeue
 .text.gs_queue_enqueue_isr
                0x000000008000cb70       0x1c lib/libembed/src/queue.c.2.o
                0x000000008000cb70                gs_queue_enqueue_isr
 .text.gs_queue_enqueue
                0x000000008000cb8c       0x20 lib/libembed/src/queue.c.2.o
                0x000000008000cb8c                gs_queue_enqueue
 .text.gs_queue_create
                0x000000008000cbac       0x24 lib/libembed/src/queue.c.2.o
                0x000000008000cbac                gs_queue_create
 .text.gs_stdio_put_direct
                0x000000008000cbd0       0x28 lib/libembed/src/stdio.c.2.o
                0x000000008000cbd0                gs_stdio_put_direct
 .text.gs_stdio_getchar_timed
                0x000000008000cbf8       0x48 lib/libembed/src/stdio.c.2.o
                0x000000008000cbf8                gs_stdio_getchar_timed
 .text.gs_stdio_putchar
                0x000000008000cc40       0x28 lib/libembed/src/stdio.c.2.o
                0x000000008000cc40                gs_stdio_putchar
 .text.gs_thread_sleep_ms
                0x000000008000cc68       0x14 lib/libembed/src/thread.c.2.o
                0x000000008000cc68                gs_thread_sleep_ms
 .text.gs_thread_exit
                0x000000008000cc7c       0x48 lib/libembed/src/thread.c.2.o
                0x000000008000cc7c                gs_thread_exit
 .text.gs_thread_create_with_stack
                0x000000008000ccc4       0xb4 lib/libembed/src/thread.c.2.o
                0x000000008000ccc4                gs_thread_create_with_stack
 .text.gs_thread_create
                0x000000008000cd78       0x20 lib/libembed/src/thread.c.2.o
                0x000000008000cd78                gs_thread_create
 .text.gs_time_sleep_ms
                0x000000008000cd98        0xc lib/libembed/src/time.c.2.o
                0x000000008000cd98                gs_time_sleep_ms
 .text.gs_time_rel_ms
                0x000000008000cda4        0xc lib/libembed/src/time.c.2.o
                0x000000008000cda4                gs_time_rel_ms
 .text.gs_time_uptime
                0x000000008000cdb0       0x68 lib/libembed/src/time.c.2.o
                0x000000008000cdb0                gs_time_uptime
 .text.vApplicationIdleHook
                0x000000008000ce18        0xc lib/libasf/gomspace/src/avr32/freertos/idle.c.4.o
                0x000000008000ce18                vApplicationIdleHook
 .text.pxPortInitialiseStack
                0x000000008000ce24       0x92 lib/libasf/gomspace/src/avr32/freertos/port.c.4.o
                0x000000008000ce24                pxPortInitialiseStack
 .text.prvClearTcInt
                0x000000008000ceb6        0xa lib/libasf/gomspace/src/avr32/freertos/port.c.4.o
 .text.vPortEnterCritical
                0x000000008000cec0       0x10 lib/libasf/gomspace/src/avr32/freertos/port.c.4.o
                0x000000008000cec0                vPortEnterCritical
 .text.xPortStartScheduler
                0x000000008000ced0       0xa8 lib/libasf/gomspace/src/avr32/freertos/port.c.4.o
                0x000000008000ced0                xPortStartScheduler
 .text.vPortExitCritical
                0x000000008000cf78       0x1c lib/libasf/gomspace/src/avr32/freertos/port.c.4.o
                0x000000008000cf78                vPortExitCritical
 .text.vTick    0x000000008000cf94       0x84 lib/libasf/gomspace/src/avr32/freertos/port.c.4.o
 .text.SCALLYield
                0x000000008000d018       0x88 lib/libasf/gomspace/src/avr32/freertos/port.c.4.o
                0x000000008000d018                SCALLYield
 .text.vApplicationStackOverflowHook
                0x000000008000d0a0       0x50 lib/libasf/gomspace/src/avr32/freertos/stackcheck.c.4.o
                0x000000008000d0a0                vApplicationStackOverflowHook
 .text.gs_clock_get_nsec
                0x000000008000d0f0       0xa8 lib/libasf/gomspace/src/avr32/freertos/timer.c.4.o
                0x000000008000d0f0                gs_clock_get_nsec
 .text.vApplicationTickHook
                0x000000008000d198       0x84 lib/libasf/gomspace/src/avr32/freertos/timer.c.4.o
                0x000000008000d198                vApplicationTickHook
 .text.adcifa_get_calibration_data
                0x000000008000d21c       0x34 lib/libasf/avr32/drivers/adcifa/adcifa.c.3.o
                0x000000008000d21c                adcifa_get_calibration_data
 .text.adcifa_configure
                0x000000008000d250       0xc0 lib/libasf/avr32/drivers/adcifa/adcifa.c.3.o
                0x000000008000d250                adcifa_configure
 .text.adcifa_configure_sequencer
                0x000000008000d310      0x338 lib/libasf/avr32/drivers/adcifa/adcifa.c.3.o
                0x000000008000d310                adcifa_configure_sequencer
 .text.adcifa_calibrate_offset
                0x000000008000d648       0x98 lib/libasf/avr32/drivers/adcifa/adcifa.c.3.o
                0x000000008000d648                adcifa_calibrate_offset
 .text.adcifa_start_sequencer
                0x000000008000d6e0       0x26 lib/libasf/avr32/drivers/adcifa/adcifa.c.3.o
                0x000000008000d6e0                adcifa_start_sequencer
 .text.adcifa_get_values_from_sequencer
                0x000000008000d706       0x78 lib/libasf/avr32/drivers/adcifa/adcifa.c.3.o
                0x000000008000d706                adcifa_get_values_from_sequencer
 .text.canif_clear_all_mob
                0x000000008000d77e       0x3c lib/libasf/avr32/drivers/canif/canif.c.3.o
                0x000000008000d77e                canif_clear_all_mob
 .text.canif_fixed_baudrate
                0x000000008000d7ba       0x52 lib/libasf/avr32/drivers/canif/canif.c.3.o
                0x000000008000d7ba                canif_fixed_baudrate
 .text.sdramc_init
                0x000000008000d80c      0x1dc lib/libasf/avr32/drivers/ebi/sdramc/sdramc.c.3.o
                0x000000008000d80c                sdramc_init
 .text.flashc_set_bus_freq
                0x000000008000d9e8       0x28 lib/libasf/avr32/drivers/flashc/flashc.c.3.o
                0x000000008000d9e8                flashc_set_bus_freq
 .text.gpio_enable_module_pin
                0x000000008000da10       0x84 lib/libasf/avr32/drivers/gpio/gpio.c.3.o
                0x000000008000da10                gpio_enable_module_pin
 .text.gpio_enable_module
                0x000000008000da94       0x28 lib/libasf/avr32/drivers/gpio/gpio.c.3.o
                0x000000008000da94                gpio_enable_module
 .text.gpio_configure_pin
                0x000000008000dabc      0x146 lib/libasf/avr32/drivers/gpio/gpio.c.3.o
                0x000000008000dabc                gpio_configure_pin
 .text.gpio_get_pin_value
                0x000000008000dc02       0x16 lib/libasf/avr32/drivers/gpio/gpio.c.3.o
                0x000000008000dc02                gpio_get_pin_value
 .text.gpio_set_pin_high
                0x000000008000dc18       0x14 lib/libasf/avr32/drivers/gpio/gpio.c.3.o
                0x000000008000dc18                gpio_set_pin_high
 .text.gpio_set_pin_low
                0x000000008000dc2c       0x14 lib/libasf/avr32/drivers/gpio/gpio.c.3.o
                0x000000008000dc2c                gpio_set_pin_low
 .text._unhandled_interrupt
                0x000000008000dc40        0x2 lib/libasf/avr32/drivers/intc/intc.c.3.o
 *fill*         0x000000008000dc42        0x2 
 .text.INTC_register_interrupt
                0x000000008000dc44       0x50 lib/libasf/avr32/drivers/intc/intc.c.3.o
                0x000000008000dc44                INTC_register_interrupt
 .text.INTC_init_interrupts
                0x000000008000dc94       0x50 lib/libasf/avr32/drivers/intc/intc.c.3.o
                0x000000008000dc94                INTC_init_interrupts
 .text._get_interrupt_handler
                0x000000008000dce4       0x38 lib/libasf/avr32/drivers/intc/intc.c.3.o
                0x000000008000dce4                _get_interrupt_handler
 .text.pdca_disable
                0x000000008000dd1c       0x1a lib/libasf/avr32/drivers/pdca/pdca.c.3.o
                0x000000008000dd1c                pdca_disable
 .text.pdca_enable
                0x000000008000dd36       0x1a lib/libasf/avr32/drivers/pdca/pdca.c.3.o
                0x000000008000dd36                pdca_enable
 .text.pdca_get_load_size
                0x000000008000dd50       0x18 lib/libasf/avr32/drivers/pdca/pdca.c.3.o
                0x000000008000dd50                pdca_get_load_size
 .text.pdca_enable_interrupt_transfer_complete
                0x000000008000dd68       0x1a lib/libasf/avr32/drivers/pdca/pdca.c.3.o
                0x000000008000dd68                pdca_enable_interrupt_transfer_complete
 .text.pdca_enable_interrupt_reload_counter_zero
                0x000000008000dd82       0x1a lib/libasf/avr32/drivers/pdca/pdca.c.3.o
                0x000000008000dd82                pdca_enable_interrupt_reload_counter_zero
 .text.pdca_disable_interrupt_reload_counter_zero
                0x000000008000dd9c       0x2a lib/libasf/avr32/drivers/pdca/pdca.c.3.o
                0x000000008000dd9c                pdca_disable_interrupt_reload_counter_zero
 .text.pdca_disable_interrupt_transfer_complete
                0x000000008000ddc6       0x2a lib/libasf/avr32/drivers/pdca/pdca.c.3.o
                0x000000008000ddc6                pdca_disable_interrupt_transfer_complete
 .text.pdca_load_channel
                0x000000008000ddf0       0x30 lib/libasf/avr32/drivers/pdca/pdca.c.3.o
                0x000000008000ddf0                pdca_load_channel
 .text.pdca_init_channel
                0x000000008000de20       0x6c lib/libasf/avr32/drivers/pdca/pdca.c.3.o
                0x000000008000de20                pdca_init_channel
 .text.pwm_write_protect_sw_unlock
                0x000000008000de8c       0x80 lib/libasf/avr32/drivers/pwm/pwm4.c.3.o
                0x000000008000de8c                pwm_write_protect_sw_unlock
 .text.pwm_channel_init
                0x000000008000df0c       0x3c lib/libasf/avr32/drivers/pwm/pwm4.c.3.o
                0x000000008000df0c                pwm_channel_init
 .text.pwm_start_channels
                0x000000008000df48       0x12 lib/libasf/avr32/drivers/pwm/pwm4.c.3.o
                0x000000008000df48                pwm_start_channels
 *fill*         0x000000008000df5a        0x2 
 .text.pwm_init
                0x000000008000df5c       0xec lib/libasf/avr32/drivers/pwm/pwm4.c.3.o
                0x000000008000df5c                pwm_init
 .text.scif_stop_gclk
                0x000000008000e048       0x2c lib/libasf/avr32/drivers/scif/scif_uc3c.c.3.o
                0x000000008000e048                scif_stop_gclk
 .text.scif_gc_setup
                0x000000008000e074       0x7a lib/libasf/avr32/drivers/scif/scif_uc3c.c.3.o
                0x000000008000e074                scif_gc_setup
 .text.scif_gc_enable
                0x000000008000e0ee       0x1c lib/libasf/avr32/drivers/scif/scif_uc3c.c.3.o
                0x000000008000e0ee                scif_gc_enable
 .text.tc_init_waveform
                0x000000008000e10a       0xa0 lib/libasf/avr32/drivers/tc/tc.c.3.o
                0x000000008000e10a                tc_init_waveform
 .text.tc_start
                0x000000008000e1aa       0x1c lib/libasf/avr32/drivers/tc/tc.c.3.o
                0x000000008000e1aa                tc_start
 .text.tc_read_tc
                0x000000008000e1c6       0x16 lib/libasf/avr32/drivers/tc/tc.c.3.o
                0x000000008000e1c6                tc_read_tc
 .text.tc_write_rc
                0x000000008000e1dc       0x34 lib/libasf/avr32/drivers/tc/tc.c.3.o
                0x000000008000e1dc                tc_write_rc
 .text.tc_configure_interrupts
                0x000000008000e210       0xc8 lib/libasf/avr32/drivers/tc/tc.c.3.o
                0x000000008000e210                tc_configure_interrupts
 .text.twim_reset
                0x000000008000e2d8       0x20 lib/libasf/avr32/drivers/twim/twim.c.3.o
                0x000000008000e2d8                twim_reset
 .text.twim_disable_interrupt
                0x000000008000e2f8       0x18 lib/libasf/avr32/drivers/twim/twim.c.3.o
                0x000000008000e2f8                twim_disable_interrupt
 .text.twim_unlock
                0x000000008000e310       0x58 lib/libasf/avr32/drivers/twim/twim.c.3.o
 .text.twim_pdc_transfer
                0x000000008000e368      0x478 lib/libasf/avr32/drivers/twim/twim.c.3.o
                0x000000008000e368                twim_pdc_transfer
 .text.twim_init
                0x000000008000e7e0      0x178 lib/libasf/avr32/drivers/twim/twim.c.3.o
                0x000000008000e7e0                twim_init
 .text.twim_DSR
                0x000000008000e958       0xd0 lib/libasf/avr32/drivers/twim/twim.c.3.o
                0x000000008000e958                twim_DSR
 .text.twim2_ISR
                0x000000008000ea28       0x78 lib/libasf/avr32/drivers/twim/twim.c.3.o
                0x000000008000ea28                twim2_ISR
 .text.twim1_ISR
                0x000000008000eaa0       0x78 lib/libasf/avr32/drivers/twim/twim.c.3.o
                0x000000008000eaa0                twim1_ISR
 .text.twim0_ISR
                0x000000008000eb18       0x78 lib/libasf/avr32/drivers/twim/twim.c.3.o
                0x000000008000eb18                twim0_ISR
 .text.usart_set_async_baudrate
                0x000000008000eb90       0x5c lib/libasf/avr32/drivers/usart/usart.c.3.o
 .text.usart_putchar
                0x000000008000ebec       0x1c lib/libasf/avr32/drivers/usart/usart.c.3.o
                0x000000008000ebec                usart_putchar
 .text.usart_reset
                0x000000008000ec08       0x2c lib/libasf/avr32/drivers/usart/usart.c.3.o
                0x000000008000ec08                usart_reset
 .text.usart_init_rs232
                0x000000008000ec34       0xcc lib/libasf/avr32/drivers/usart/usart.c.3.o
                0x000000008000ec34                usart_init_rs232
 .text.wdt_get_us_timeout_period
                0x000000008000ed00       0x98 lib/libasf/avr32/drivers/wdt/wdt4.c.3.o
                0x000000008000ed00                wdt_get_us_timeout_period
 .text.wdt_disable
                0x000000008000ed98       0x22 lib/libasf/avr32/drivers/wdt/wdt4.c.3.o
                0x000000008000ed98                wdt_disable
 .text.wdt_clear
                0x000000008000edba       0x22 lib/libasf/avr32/drivers/wdt/wdt4.c.3.o
                0x000000008000edba                wdt_clear
 .text.wdt_enable
                0x000000008000eddc      0x26c lib/libasf/avr32/drivers/wdt/wdt4.c.3.o
                0x000000008000eddc                wdt_enable
 .text._stext   0x000000008000f048       0x50 lib/libasf/avr32/utils/startup/startup_uc3.S.3.o
                0x000000008000f048                _stext
 .text.osc_priv_enable_osc32
                0x000000008000f098       0x24 lib/libasf/common/services/clock/uc3c/osc.c.3.o
                0x000000008000f098                osc_priv_enable_osc32
 .text.osc_priv_enable_osc0
                0x000000008000f0bc       0x22 lib/libasf/common/services/clock/uc3c/osc.c.3.o
                0x000000008000f0bc                osc_priv_enable_osc0
 .text.pll_enable
                0x000000008000f0de       0x28 lib/libasf/common/services/clock/uc3c/pll.c.3.o
                0x000000008000f0de                pll_enable
 .text.sysclk_set_source
                0x000000008000f106       0x1e lib/libasf/common/services/clock/uc3c/sysclk.c.3.o
                0x000000008000f106                sysclk_set_source
 .text.sysclk_set_prescalers
                0x000000008000f124       0x66 lib/libasf/common/services/clock/uc3c/sysclk.c.3.o
                0x000000008000f124                sysclk_set_prescalers
 .text.sysclk_priv_enable_module
                0x000000008000f18a       0x38 lib/libasf/common/services/clock/uc3c/sysclk.c.3.o
                0x000000008000f18a                sysclk_priv_enable_module
 *fill*         0x000000008000f1c2        0x2 
 .text.sysclk_init
                0x000000008000f1c4       0xa0 lib/libasf/common/services/clock/uc3c/sysclk.c.3.o
                0x000000008000f1c4                sysclk_init
 .text.vListInitialise
                0x000000008000f264       0x14 lib/libasf/thirdparty/freertos/freertos-10.2.0/Source/list.c.3.o
                0x000000008000f264                vListInitialise
 .text.vListInitialiseItem
                0x000000008000f278        0x6 lib/libasf/thirdparty/freertos/freertos-10.2.0/Source/list.c.3.o
                0x000000008000f278                vListInitialiseItem
 .text.vListInsertEnd
                0x000000008000f27e       0x18 lib/libasf/thirdparty/freertos/freertos-10.2.0/Source/list.c.3.o
                0x000000008000f27e                vListInsertEnd
 .text.vListInsert
                0x000000008000f296       0x32 lib/libasf/thirdparty/freertos/freertos-10.2.0/Source/list.c.3.o
                0x000000008000f296                vListInsert
 .text.uxListRemove
                0x000000008000f2c8       0x24 lib/libasf/thirdparty/freertos/freertos-10.2.0/Source/list.c.3.o
                0x000000008000f2c8                uxListRemove
 .text.vPortFree
                0x000000008000f2ec       0x28 lib/libasf/thirdparty/freertos/freertos-10.2.0/Source/portable/MemMang/heap_3.c.3.o
                0x000000008000f2ec                vPortFree
 .text.pvPortMalloc
                0x000000008000f314       0x28 lib/libasf/thirdparty/freertos/freertos-10.2.0/Source/portable/MemMang/heap_3.c.3.o
                0x000000008000f314                pvPortMalloc
 .text.vQueueDelete
                0x000000008000f33c       0x30 lib/libasf/thirdparty/freertos/freertos-10.2.0/Source/queue.c.3.o
                0x000000008000f33c                vQueueDelete
 .text.uxQueueMessagesWaiting
                0x000000008000f36c       0x40 lib/libasf/thirdparty/freertos/freertos-10.2.0/Source/queue.c.3.o
                0x000000008000f36c                uxQueueMessagesWaiting
 .text.prvIsQueueEmpty
                0x000000008000f3ac       0x1c lib/libasf/thirdparty/freertos/freertos-10.2.0/Source/queue.c.3.o
 .text.prvCopyDataFromQueue
                0x000000008000f3c8       0x30 lib/libasf/thirdparty/freertos/freertos-10.2.0/Source/queue.c.3.o
 .text.xQueueReceiveFromISR
                0x000000008000f3f8       0x98 lib/libasf/thirdparty/freertos/freertos-10.2.0/Source/queue.c.3.o
                0x000000008000f3f8                xQueueReceiveFromISR
 .text.xQueueGiveFromISR
                0x000000008000f490       0xa4 lib/libasf/thirdparty/freertos/freertos-10.2.0/Source/queue.c.3.o
                0x000000008000f490                xQueueGiveFromISR
 .text.prvUnlockQueue
                0x000000008000f534       0x88 lib/libasf/thirdparty/freertos/freertos-10.2.0/Source/queue.c.3.o
 .text.xQueueReceive
                0x000000008000f5bc      0x184 lib/libasf/thirdparty/freertos/freertos-10.2.0/Source/queue.c.3.o
                0x000000008000f5bc                xQueueReceive
 .text.xQueueSemaphoreTake
                0x000000008000f740      0x1d0 lib/libasf/thirdparty/freertos/freertos-10.2.0/Source/queue.c.3.o
                0x000000008000f740                xQueueSemaphoreTake
 .text.prvCopyDataToQueue
                0x000000008000f910       0x7c lib/libasf/thirdparty/freertos/freertos-10.2.0/Source/queue.c.3.o
 .text.xQueueGenericSendFromISR
                0x000000008000f98c       0xb8 lib/libasf/thirdparty/freertos/freertos-10.2.0/Source/queue.c.3.o
                0x000000008000f98c                xQueueGenericSendFromISR
 .text.xQueueGenericSend
                0x000000008000fa44      0x1a4 lib/libasf/thirdparty/freertos/freertos-10.2.0/Source/queue.c.3.o
                0x000000008000fa44                xQueueGenericSend
 .text.xQueueTakeMutexRecursive
                0x000000008000fbe8       0x64 lib/libasf/thirdparty/freertos/freertos-10.2.0/Source/queue.c.3.o
                0x000000008000fbe8                xQueueTakeMutexRecursive
 .text.xQueueGiveMutexRecursive
                0x000000008000fc4c       0x54 lib/libasf/thirdparty/freertos/freertos-10.2.0/Source/queue.c.3.o
                0x000000008000fc4c                xQueueGiveMutexRecursive
 .text.xQueueGenericReset
                0x000000008000fca0       0x98 lib/libasf/thirdparty/freertos/freertos-10.2.0/Source/queue.c.3.o
                0x000000008000fca0                xQueueGenericReset
 .text.xQueueGenericCreate
                0x000000008000fd38       0x70 lib/libasf/thirdparty/freertos/freertos-10.2.0/Source/queue.c.3.o
                0x000000008000fd38                xQueueGenericCreate
 .text.xQueueCreateMutex
                0x000000008000fda8       0x30 lib/libasf/thirdparty/freertos/freertos-10.2.0/Source/queue.c.3.o
                0x000000008000fda8                xQueueCreateMutex
 .text.vTaskSuspendAll
                0x000000008000fdd8       0x10 lib/libasf/thirdparty/freertos/freertos-10.2.0/Source/tasks.c.3.o
                0x000000008000fdd8                vTaskSuspendAll
 .text.xTaskGetTickCountFromISR
                0x000000008000fde8        0xc lib/libasf/thirdparty/freertos/freertos-10.2.0/Source/tasks.c.3.o
                0x000000008000fde8                xTaskGetTickCountFromISR
 .text.uxTaskGetNumberOfTasks
                0x000000008000fdf4        0xc lib/libasf/thirdparty/freertos/freertos-10.2.0/Source/tasks.c.3.o
                0x000000008000fdf4                uxTaskGetNumberOfTasks
 .text.vTaskInternalSetTimeOutState
                0x000000008000fe00       0x10 lib/libasf/thirdparty/freertos/freertos-10.2.0/Source/tasks.c.3.o
                0x000000008000fe00                vTaskInternalSetTimeOutState
 .text.vTaskMissedYield
                0x000000008000fe10        0xc lib/libasf/thirdparty/freertos/freertos-10.2.0/Source/tasks.c.3.o
                0x000000008000fe10                vTaskMissedYield
 .text.xTaskGetCurrentTaskHandle
                0x000000008000fe1c        0xc lib/libasf/thirdparty/freertos/freertos-10.2.0/Source/tasks.c.3.o
                0x000000008000fe1c                xTaskGetCurrentTaskHandle
 .text.xTaskGetSchedulerState
                0x000000008000fe28       0x1c lib/libasf/thirdparty/freertos/freertos-10.2.0/Source/tasks.c.3.o
                0x000000008000fe28                xTaskGetSchedulerState
 .text.pvTaskIncrementMutexHeldCount
                0x000000008000fe44       0x20 lib/libasf/thirdparty/freertos/freertos-10.2.0/Source/tasks.c.3.o
                0x000000008000fe44                pvTaskIncrementMutexHeldCount
 .text.xTaskGetTickCount
                0x000000008000fe64       0x20 lib/libasf/thirdparty/freertos/freertos-10.2.0/Source/tasks.c.3.o
                0x000000008000fe64                xTaskGetTickCount
 .text.xTaskCheckForTimeOut
                0x000000008000fe84       0x90 lib/libasf/thirdparty/freertos/freertos-10.2.0/Source/tasks.c.3.o
                0x000000008000fe84                xTaskCheckForTimeOut
 .text.eTaskGetState
                0x000000008000ff14       0x9c lib/libasf/thirdparty/freertos/freertos-10.2.0/Source/tasks.c.3.o
                0x000000008000ff14                eTaskGetState
 .text.vTaskPriorityDisinheritAfterTimeout
                0x000000008000ffb0       0xb4 lib/libasf/thirdparty/freertos/freertos-10.2.0/Source/tasks.c.3.o
                0x000000008000ffb0                vTaskPriorityDisinheritAfterTimeout
 .text.xTaskPriorityDisinherit
                0x0000000080010064       0x9c lib/libasf/thirdparty/freertos/freertos-10.2.0/Source/tasks.c.3.o
                0x0000000080010064                xTaskPriorityDisinherit
 .text.xTaskPriorityInherit
                0x0000000080010100       0x90 lib/libasf/thirdparty/freertos/freertos-10.2.0/Source/tasks.c.3.o
                0x0000000080010100                xTaskPriorityInherit
 .text.xTaskRemoveFromEventList
                0x0000000080010190       0x90 lib/libasf/thirdparty/freertos/freertos-10.2.0/Source/tasks.c.3.o
                0x0000000080010190                xTaskRemoveFromEventList
 .text.prvAddCurrentTaskToDelayedList
                0x0000000080010220       0x6c lib/libasf/thirdparty/freertos/freertos-10.2.0/Source/tasks.c.3.o
 .text.vTaskPlaceOnEventList
                0x000000008001028c       0x4c lib/libasf/thirdparty/freertos/freertos-10.2.0/Source/tasks.c.3.o
                0x000000008001028c                vTaskPlaceOnEventList
 .text.vTaskSwitchContext
                0x00000000800102d8       0xbc lib/libasf/thirdparty/freertos/freertos-10.2.0/Source/tasks.c.3.o
                0x00000000800102d8                vTaskSwitchContext
 .text.xTaskIncrementTick
                0x0000000080010394      0x12c lib/libasf/thirdparty/freertos/freertos-10.2.0/Source/tasks.c.3.o
                0x0000000080010394                xTaskIncrementTick
 .text.xTaskResumeAll
                0x00000000800104c0      0x100 lib/libasf/thirdparty/freertos/freertos-10.2.0/Source/tasks.c.3.o
                0x00000000800104c0                xTaskResumeAll
 .text.vTaskGetInfo
                0x00000000800105c0       0x98 lib/libasf/thirdparty/freertos/freertos-10.2.0/Source/tasks.c.3.o
                0x00000000800105c0                vTaskGetInfo
 .text.prvListTasksWithinSingleList
                0x0000000080010658       0x58 lib/libasf/thirdparty/freertos/freertos-10.2.0/Source/tasks.c.3.o
 .text.uxTaskGetSystemState
                0x00000000800106b0       0xa8 lib/libasf/thirdparty/freertos/freertos-10.2.0/Source/tasks.c.3.o
                0x00000000800106b0                uxTaskGetSystemState
 .text.vTaskList
                0x0000000080010758       0xc4 lib/libasf/thirdparty/freertos/freertos-10.2.0/Source/tasks.c.3.o
                0x0000000080010758                vTaskList
 .text.vTaskDelay
                0x000000008001081c       0x50 lib/libasf/thirdparty/freertos/freertos-10.2.0/Source/tasks.c.3.o
                0x000000008001081c                vTaskDelay
 .text.prvDeleteTCB
                0x000000008001086c       0x20 lib/libasf/thirdparty/freertos/freertos-10.2.0/Source/tasks.c.3.o
 .text.prvIdleTask
                0x000000008001088c       0x60 lib/libasf/thirdparty/freertos/freertos-10.2.0/Source/tasks.c.3.o
 .text.vTaskDelete
                0x00000000800108ec       0xd0 lib/libasf/thirdparty/freertos/freertos-10.2.0/Source/tasks.c.3.o
                0x00000000800108ec                vTaskDelete
 .text.xTaskCreate
                0x00000000800109bc      0x248 lib/libasf/thirdparty/freertos/freertos-10.2.0/Source/tasks.c.3.o
                0x00000000800109bc                xTaskCreate
 .text.vTaskStartScheduler
                0x0000000080010c04       0x7c lib/libasf/thirdparty/freertos/freertos-10.2.0/Source/tasks.c.3.o
                0x0000000080010c04                vTaskStartScheduler
 .text.base16_decode